Starting kit application with the following args:  ['/home/monad/env_isaacsim-c22/lib/python3.12/site-packages/isaacsim/exts/isaacsim.simulation_app/isaacsim/simulation_app/simulation_app.py', '/home/monad/env_isaacsim-c22/lib/python3.12/site-packages/isaacsim/apps/isaacsim.exp.base.python.kit', '--/app/tokens/exe-path=/home/monad/env_isaacsim-c22/lib/python3.12/site-packages/isaacsim/kit', '--/persistent/app/viewport/displayOptions=3094', '--/rtx/materialDb/syncLoads=True', '--/rtx/hydra/materialSyncLoads=True', '--/omni/kit/plugin/syncUsdLoads=True', '--/app/renderer/resolution/width=1280', '--/app/renderer/resolution/height=720', '--/app/window/width=1440', '--/app/window/height=900', '--/renderer/multiGpu/enabled=True', '--/app/fastShutdown=True', '--/app/installSignalHandlers=0', '--ext-folder', '/home/monad/env_isaacsim-c22/lib/python3.12/site-packages/isaacsim/exts', '--ext-folder', '/home/monad/env_isaacsim-c22/lib/python3.12/site-packages/isaacsim/apps', '--/physics/cudaDevice=0', '--/plugins/carb.tasking.plugin/threadCount=16', '--/plugins/omni.tbb.globalcontrol/maxThreadCount=16', '--portable', '--no-window', '--/app/window/hideUi=1']
Passing the following args to the base kit application:  ['--child', '--control', 'support', '--dt', '0.01']
2026-09-21T14:28:25Z [Info] [carb] Logging to file: /home/monad/env_isaacsim-c22/lib/python3.12/site-packages/isaacsim/kit/logs/Kit/Isaac-Sim Python/6.1/kit_20260921_232825.log
[0.053s] [ext: omni.assets.plugins-0.0.0] startup
[0.054s] [ext: omni.blobkey-1.1.2] startup
[0.054s] [ext: omni.kit.async_engine-0.0.3] startup
[0.124s] [ext: omni.client.lib-1.1.1] startup
[0.132s] [ext: omni.client-1.3.0] startup
[0.135s] [ext: omni.protobuf.lib-1.0.1] startup
[0.135s] [ext: omni.grpc.lib-1.0.0] startup
[0.139s] [ext: omni.metrics.core-0.0.3] startup
[0.139s] [ext: omni.datastore-0.0.0] startup
[0.140s] [ext: omni.gpu_foundation.shadercache.vulkan-1.0.0] startup
[0.141s] [ext: omni.hsscclient-1.1.4] startup
[0.142s] [ext: omni.stats-1.0.1] startup
[0.142s] [ext: omni.ujitso.default-1.0.0] startup
[0.144s] [ext: omni.gpu_foundation-0.0.0] startup
[0.280s] [ext: carb.windowing.plugins-1.0.1] startup
[0.281s] [ext: omni.kit.renderer.init-1.0.1] startup
2026-09-21T14:28:26Z [269ms] [Warning] [omni.platforminfo.plugin] failed to open the default display.  Can't verify X Server version.
2026-09-21T14:28:26Z [634ms] [Warning] [omni.rtx] Skipping unsupported non-NVIDIA GPU: AMD Ryzen 7 9700X 8-Core Processor (RADV RAPHAEL_MENDOCINO)
2026-09-21T14:28:26Z [634ms] [Warning] [omni.rtx] Skipping unsupported non-NVIDIA GPU: AMD Ryzen 7 9700X 8-Core Processor (RADV RAPHAEL_MENDOCINO)

|---------------------------------------------------------------------------------------------|
| Driver Version: 595.84        | Graphics API: Vulkan
|=============================================================================================|
| GPU | Name                             | Active | LDA | GPU Memory | Vendor-ID | LUID       |
|     |                                  |        |     |            | Device-ID | UUID       |
|     |                                  |        |     |            | Bus-ID    |            |
|---------------------------------------------------------------------------------------------|
| 0   | NVIDIA GeForce RTX 3080          | Yes: 0 |     | 10240   MB | 10de      | 0          |
|     |                                  |        |     |            | 2206      | 24d4b5c1.. |
|     |                                  |        |     |            | 1         |            |
|---------------------------------------------------------------------------------------------|
| 1   | AMD Ryzen 7 9700X 8-Core Proce.. |        |     | 10737   MB | 1002      | 0          |
|     |                                  |        |     |            | 13c0      | 00000000.. |
|     |                                  |        |     |            | 11        |            |
|=============================================================================================|
| OS: 24.04.4 LTS (Noble Numbat) ubuntu, Version: 24.04.4, Kernel: 7.0.0-31-generic
| Processor: AMD Ryzen 7 9700X 8-Core Processor
| Cores: 8 | Logical Cores: 16
|---------------------------------------------------------------------------------------------|
| Total Memory (MB): 31187 | Free Memory: 17004
| Total Page/Swap (MB): 15258 | Free Page/Swap: 4280
|---------------------------------------------------------------------------------------------|
2026-09-21T14:28:26Z [863ms] [Warning] [omni.rtx] PCIe link width current (8) and maximum (16) for device 0 don't match.
2026-09-21T14:28:26Z [863ms] [Warning] [omni.rtx] IOMMU is enabled.
[1.006s] [ext: omni.kit.pipapi-0.0.0] startup
[1.007s] [ext: omni.kit.telemetry-0.5.2] startup
[1.026s] [ext: omni.kit.loop-isaac-1.6.2] startup
[1.027s] [ext: omni.kit.test-2.1.1] startup
[1.063s] [ext: omni.materialx.libs-1.0.9] startup
[1.069s] [ext: omni.gpucompute.plugins-0.0.0] startup
[1.069s] [ext: omni.usd.config-1.0.8] startup
[1.072s] [ext: omni.usd.libs-1.0.3] startup
[1.138s] [ext: omni.iray.libs-0.0.1] startup
[1.141s] [ext: omni.mdl-57.0.6] startup
[1.188s] [ext: omni.mdl.neuraylib-0.2.22] startup
[1.190s] [ext: omni.kit.usd.mdl-1.1.11] startup
[1.269s] [ext: omni.appwindow-1.2.2] startup
[1.271s] [ext: omni.kit.renderer.core-1.3.1] startup
2026-09-21T14:28:27Z [1,252ms] [Warning] [carb.windowing-glfw.plugin] GLFW initialization failed.
2026-09-21T14:28:27Z [1,252ms] [Warning] [carb] Failed to startup plugin carb.windowing-glfw.plugin (interfaces: [carb::windowing::IGLContext v1.0],[carb::windowing::IWindowing v1.5]) (impl: carb.windowing-glfw.plugin)
[1.293s] [ext: omni.kit.renderer.capture-2.0.1] startup
[1.294s] [ext: omni.kit.renderer.imgui-2.1.0] startup
2026-09-21T14:28:27Z [1,267ms] [Warning] [carb.windowing-glfw.plugin] GLFW initialization failed.
2026-09-21T14:28:27Z [1,267ms] [Warning] [carb] Failed to startup plugin carb.windowing-glfw.plugin (interfaces: [carb::windowing::IGLContext v1.0],[carb::windowing::IWindowing v1.5]) (impl: carb.windowing-glfw.plugin)
2026-09-21T14:28:27Z [1,268ms] [Warning] [carb.windowing-glfw.plugin] GLFW initialization failed.
2026-09-21T14:28:27Z [1,268ms] [Warning] [carb] Failed to startup plugin carb.windowing-glfw.plugin (interfaces: [carb::windowing::IGLContext v1.0],[carb::windowing::IWindowing v1.5]) (impl: carb.windowing-glfw.plugin)
[1.337s] [ext: omni.ui-3.3.1] startup
[1.344s] [ext: omni.kit.mainwindow-1.0.4] startup
[1.344s] [ext: carb.audio-0.1.0] startup
[1.347s] [ext: omni.uiaudio-1.0.0] startup
[1.347s] [ext: omni.kit.uiapp-0.0.0] startup
[1.347s] [ext: omni.usd.schema.metrics.assembler-110.1.0] startup
[1.349s] [ext: omni.usd.schema.audio-0.0.1] startup
[1.351s] [ext: omni.usd_resolver-1.0.0] startup
[1.354s] [ext: omni.usd.core-1.10.10] startup
[1.356s] [ext: omni.metropolis.schema-0.0.3] startup
[1.357s] [ext: isaacsim.anim.robot.schema-0.1.1] startup
[1.357s] [ext: isaacsim.common-6.2.0] startup
[1.358s] [ext: omni.usd.schema.anim-0.0.1] startup
[1.370s] [ext: omni.usd.schema.geospatial-0.0.1] startup
[1.372s] [ext: omni.usd.schema.omnigraph-1.0.1] startup
[1.375s] [ext: omni.usd.schema.semantics-0.0.0] startup
[1.377s] [ext: omni.activity.core-1.0.4] startup
[1.378s] [ext: omni.cubric-0.1.0] startup
[1.378s] [ext: omni.graph.exec-0.9.6] startup
[1.379s] [ext: omni.hydra.scene_delegate-0.3.5] startup
[1.381s] [ext: usdrt.scenegraph-7.6.3] startup
[1.400s] [ext: omni.hydra.usdrt_delegate-7.5.2] startup
[1.404s] [ext: omni.inspect-1.0.2] startup
[1.405s] [ext: omni.kit.actions.core-1.2.0] startup
[1.407s] [ext: omni.kit.audiodeviceenum-1.0.2] startup
[1.408s] [ext: omni.kit.commands-1.5.0] startup
[1.410s] [ext: omni.kit.exec.core-0.13.6] startup
[1.411s] [ext: omni.kit.usd_undo-0.1.8] startup
[1.411s] [ext: omni.kit.window.popup_dialog-2.0.26] startup
[1.413s] [ext: omni.kit.widget.connection_manager-1.0.3] startup
[1.417s] [ext: omni.timeline-1.1.0] startup
[1.418s] [ext: omni.usd-1.18.0] startup
[1.457s] [ext: omni.graph.core-3.1.5] startup
[1.460s] [ext: omni.kit.notification_manager-1.0.16] startup
[1.461s] [ext: isaacsim.core.deprecation_manager-0.4.4] startup
[1.462s] [ext: isaacsim.replicator.agent.schema-0.1.1] startup
[1.462s] [ext: isaacsim.robot.schema-7.0.2] startup
[1.465s] [ext: isaacsim.robot_motion.schema-0.2.2] startup
[1.466s] [ext: omni.anim.behavior.schema-110.3.0] startup
[1.468s] [ext: omni.anim.graph.schema-110.3.0] startup
[1.473s] [ext: omni.anim.navigation.schema-110.3.0] startup
[1.475s] [ext: omni.behavior.tree.schema-110.3.0] startup
[1.475s] [ext: omni.kit.asset_converter-6.0.5] startup
2026-09-21T14:28:27Z [1,447ms] [Warning] [asset_converter_native_bindings._bootstrap] A different OpenUSD (pxr) build was already imported from /home/monad/env_isaacsim-c22/lib/python3.12/site-packages/isaacsim/extscache/omni.usd.schema.anim-0.0.1+00c488ae.lx64.r.cp312/pxr before usd-convert-asset loaded. The host pxr bindings will remain in use rather than reloading the bundled OpenUSD at /home/monad/env_isaacsim-c22/lib/python3.12/site-packages/isaacsim/extscache/omni.kit.asset_converter-6.0.5+110.1.1.lx64.r.cp312.u7f4/asset_converter_native_bindings/libs/lib/python/pxr, /home/monad/env_isaacsim-c22/lib/python3.12/site-packages/isaacsim/extscache/omni.kit.asset_converter-6.0.5+110.1.1.lx64.r.cp312.u7f4/asset_converter_native_bindings/libs/python/pxr. Mixing USD builds in one process can cause ABI and singleton conflicts; prefer importing usd_convert_asset first, or run the converter in a separate process/venv when mixing unrelated USD builds.
[1.486s] [ext: omni.usd.schema.flow-110.0.0] startup
[1.486s] [ext: omni.usd.schema.newton-1.4.0] startup
[1.487s] [ext: omni.usd.schema.mujoco-1.1.4] startup
[1.487s] [ext: omni.usd.schema.omni_dome_light-1.0.0] startup
[1.488s] [ext: omni.usd.schema.omni_lens_distortion-1.0.0] startup
[1.488s] [ext: omni.usd.schema.omni_projectors-1.0.0] startup
[1.488s] [ext: omni.usd.schema.omni_sensors-0.0.0] startup
[1.495s] [ext: omni.usd.schema.omniscripting-1.0.1] startup
[1.498s] [ext: omni.usd.schema.physical_lighting-0.1.0] startup
[1.500s] [ext: omni.usd.schema.physx-110.3.2] startup
[1.521s] [ext: omni.usd.schema.render_settings.rtx-1.0.3] startup
[1.523s] [ext: omni.usd.schema.usd_particle_field-1.0.0] startup
[1.524s] [ext: isaacsim.core.version-2.2.1] startup
[1.525s] [ext: omni.kit.menu.core-1.3.0] startup
[1.526s] [ext: omni.kit.menu.utils-2.2.8] startup
[1.530s] [ext: isaacsim.app.about-2.3.2] startup
[1.534s] [ext: isaacsim.asset.transformer-6.1.0] startup
[1.536s] [ext: omni.scene.optimizer.core-110.2.1] startup
[1.574s] [ext: isaacsim.asset.importer.utils-1.9.1] startup
[1.576s] [ext: omni.convexdecomposition-110.3.2] startup
[1.577s] [ext: omni.physics-110.3.2] startup
[1.579s] [ext: omni.physx.gpu-110.3.2] startup
[1.579s] [ext: omni.physx.foundation-110.3.2] startup
[1.581s] [ext: omni.usdphysics-110.3.2] startup
[1.582s] [ext: omni.physx.cooking-110.3.2] startup
[1.583s] [ext: omni.physx-110.3.2] startup
[1.591s] [ext: omni.physics.physx-110.3.2] startup
[1.592s] [ext: isaacsim.asset.exporter.urdf-2.2.6] startup
[1.598s] [ext: omni.kit.clipboard-1.1.1] startup
[1.599s] [ext: omni.kit.usd.layers-2.7.2] startup
[1.603s] [ext: omni.kit.widget.context_menu-1.5.0] startup
[1.605s] [ext: omni.kit.context_menu-1.10.0] startup
[1.605s] [ext: omni.kit.helper.file_utils-0.1.10] startup
[1.606s] [ext: omni.kit.widget.nucleus_info-2.0.2] startup
[1.607s] [ext: omni.kit.search_core-1.0.8] startup
[1.607s] [ext: omni.kit.widget.path_field-2.0.13] startup
[1.608s] [ext: omni.kit.widget.browser_bar-2.0.11] startup
[1.608s] [ext: omni.kit.widget.filebrowser-2.14.0] startup
[1.611s] [ext: omni.kit.widget.nucleus_connector-2.4.0] startup
[1.611s] [ext: omni.kit.widget.options_menu-1.1.7] startup
[1.613s] [ext: omni.kit.widget.options_button-1.0.3] startup
[1.613s] [ext: omni.kit.widget.search_delegate-1.0.10] startup
[1.614s] [ext: omni.ui.scene-2.0.4] startup
[1.617s] [ext: omni.kit.window.filepicker-3.0.14] startup
[1.626s] [ext: omni.kit.window.file_importer-1.1.22] startup
[1.628s] [ext: omni.kit.material.library-3.1.7] startup
[1.631s] [ext: isaacsim.asset.transformer.rules-1.7.18] startup
[1.637s] [ext: omni.usdex.libs-2.3.0] startup
[1.643s] [ext: isaacsim.asset.importer.mjcf-3.12.1] startup
[1.644s] [ext: omni.kit.primitive.mesh-1.1.1] startup
[1.646s] [ext: omni.kit.stage_template.core-1.1.23] startup
[1.646s] [ext: omni.kit.stage_templates-2.0.3] startup
[1.647s] [ext: omni.usd.metrics.assembler-110.1.2] startup
[1.649s] [ext: omni.warp.core-1.16.0] startup
[1.755s] [ext: isaacsim.core.experimental.utils-0.23.0] startup
[1.756s] [ext: isaacsim.asset.importer.urdf-3.11.10] startup
[1.759s] [ext: omni.physics.stageupdate-110.3.2] startup
[1.760s] [ext: omni.physics.tensors-110.3.2] startup
[1.763s] [ext: omni.physx.tensors-110.3.2] startup
[1.767s] [ext: isaacsim.core.simulation_manager-1.17.1] startup
[1.776s] [ext: isaacsim.storage.native-1.11.0] startup
[1.777s] [ext: omni.usd.metrics.assembler.physics-110.3.2] startup
[1.778s] [ext: isaacsim.core.utils-4.1.9] startup
[1.780s] [ext: isaacsim.core.prims-0.11.7] startup
[2.560s] [ext: isaacsim.core.api-5.3.2] startup
[2.564s] [ext: isaacsim.core.cloner-1.7.5] startup
[2.565s] [ext: isaacsim.test.docstring-1.3.2] startup
[2.567s] [ext: isaacsim.core.experimental.prims-1.10.8] startup
[2.579s] [ext: isaacsim.core.experimental.primdata-0.3.6] startup
[2.581s] [ext: omni.graph.tools-1.81.0] startup
[2.595s] [ext: omni.graph-1.142.5] startup
[2.619s] [ext: isaacsim.core.experimental.actuators-0.1.6] startup
[2.630s] [ext: isaacsim.core.experimental.materials-0.10.0] startup
[2.632s] [ext: isaacsim.core.experimental.objects-0.9.0] startup
[2.681s] [ext: omni.hydra.engine.stats-1.0.5] startup
[2.683s] [ext: omni.hydra.rtx.shadercache.vulkan-1.0.0] startup
[2.684s] [ext: omni.index.libs-392300.961.0] startup
[2.684s] [ext: omni.index-1.0.1] startup
[2.684s] [ext: omni.ujitso.client-0.0.0] startup
[2.685s] [ext: omni.usd.schema.playback-1.1.0] startup
[2.685s] [ext: omni.volume-0.5.2] startup
[2.690s] [ext: omni.hydra.rtx-1.0.4] startup
2026-09-21T14:28:28Z [2,673ms] [Warning] [omni.log] Source: omni.hydra was already registered.
[2.713s] [ext: omni.kit.hydra_texture-1.6.2] startup
[2.717s] [ext: omni.kit.raycast.query-1.2.0] startup
[2.721s] [ext: omni.kit.viewport.legacy_gizmos-1.0.24] startup
[2.723s] [ext: omni.kit.viewport.registry-104.0.6] startup
[2.724s] [ext: omni.kit.viewport.scene_camera_model-1.0.7] startup
[2.727s] [ext: omni.kit.widget.viewport-110.0.0] startup
[2.731s] [ext: omni.kit.window.drop_support-1.0.8] startup
[2.732s] [ext: omni.kit.viewport.window-110.0.1] startup
[2.745s] [ext: omni.kit.viewport.utility-2.1.0] startup
[2.746s] [ext: isaacsim.core.rendering_manager-0.5.1] startup
[2.753s] [ext: omni.graph.action_core-1.1.9] startup
[2.755s] [ext: omni.graph.action_nodes_core-2.11.0] startup
[2.757s] [ext: omni.graph.action_nodes-2.11.0] startup
[2.771s] [ext: omni.graph.action-2.10.2] startup
[2.773s] [ext: omni.graph.image.core-0.6.1] startup
[2.774s] [ext: omni.graph.image.nodes-1.3.2] startup
[2.775s] [ext: omni.graph.nodes_core-2.11.0] startup
[2.779s] [ext: omni.graph.nodes-2.12.0] startup
[2.784s] [ext: omni.kit.hotkeys.core-1.4.0] startup
[2.785s] [ext: omni.kit.property.adapter.core-1.1.1] startup
[2.787s] [ext: omni.kit.property.adapter.usd-1.0.6] startup
[2.788s] [ext: omni.kit.widget.filter-1.1.8] startup
[2.789s] [ext: omni.kit.widget.highlight_label-1.0.3] startup
[2.790s] [ext: omni.kit.widget.searchfield-1.1.8] startup
[2.791s] [ext: omni.kit.window.file_exporter-1.0.38] startup
[2.791s] [ext: omni.kit.widget.stage-4.6.5] startup
[2.797s] [ext: omni.kit.window.content_browser_registry-0.0.6] startup
[2.798s] [ext: omni.kit.window.file-2.0.15] startup
[2.800s] [ext: omni.kit.window.content_browser-3.1.12] startup
[2.807s] [ext: omni.kit.window.property-1.15.2] startup
[2.817s] [ext: omni.kit.property.usd-4.9.14] startup
[2.825s] [ext: omni.graph.scriptnode-2.10.2] startup
[2.832s] [ext: omni.kit.widget.searchable_combobox-1.0.7] startup
[2.833s] [ext: omni.kit.widget.settings-2.0.1] startup
[2.834s] [ext: omni.kit.window.preferences-1.8.5] startup
[2.838s] [ext: omni.kit.viewport.menubar.core-110.0.3] startup
[2.847s] [ext: omni.syntheticdata-0.6.17] startup
[2.870s] [ext: omni.replicator.nv-1.1.6] startup
[2.875s] [ext: omni.videoencoding-0.2.1] startup
[2.876s] [ext: omni.replicator.core-1.13.36] startup
2026-09-21T14:28:28Z [2,854ms] [Warning] [pxr.Semantics] pxr.Semantics is deprecated - please use Semantics instead
Warp 1.16.0 initialized:
   CUDA Toolkit 12.9, Driver 13.2
   Devices:
     "cpu"      : "x86_64"
     "cuda:0"   : "NVIDIA GeForce RTX 3080" (10 GiB, sm_86, mempool enabled)
   Kernel cache:
     /home/monad/.cache/warp/1.16.0
2026-09-21T14:28:28Z [2,902ms] [Warning] [omni.replicator.core.scripts.extension] No material configuration file, adding configuration to material settings directly.
[3.009s] [ext: isaacsim.core.nodes-5.10.13] startup
[3.032s] [ext: isaacsim.core.throttling-2.3.7] startup
[3.033s] [ext: omni.kit.manipulator.viewport-107.0.1] startup
[3.034s] [ext: omni.graph.visualization.nodes-2.1.4] startup
[3.044s] [ext: omni.kit.window.extensions-1.5.16] startup
[3.048s] [ext: isaacsim.gui.components-1.8.9] startup
[3.051s] [ext: isaacsim.robot.surface_gripper-3.6.3] startup
[3.060s] [ext: isaacsim.robot.manipulators-3.4.5] startup
[3.067s] [ext: isaacsim.robot_motion.lula-4.1.4] startup
[3.073s] [ext: isaacsim.robot_motion.motion_generation-8.2.9] startup
[3.077s] [ext: isaacsim.cortex.framework-1.0.20] startup
[3.079s] [ext: isaacsim.cortex.behaviors-2.0.18] startup
[3.080s] [ext: isaacsim.examples.base-1.3.4] startup
[3.082s] [ext: omni.kit.widget.zoombar-1.0.7] startup
[3.083s] [ext: omni.kit.browser.core-2.3.18] startup
[3.085s] [ext: omni.kit.browser.folder.core-2.0.3] startup
[3.088s] [ext: omni.kit.widget.stage_icons-1.0.8] startup
[3.089s] [ext: omni.kit.window.stage-2.6.1] startup
[3.092s] [ext: omni.kit.menu.stage-1.2.7] startup
[3.093s] [ext: omni.kit.usd.collect-3.0.6] startup
[3.095s] [ext: omni.kit.widget.prompt-1.0.7] startup
[3.096s] [ext: omni.kit.tool.collect-2.2.19] startup
[3.098s] [ext: isaacsim.examples.browser-0.3.4] startup
[3.099s] [ext: omni.kit.search.files-1.0.4] startup
[3.100s] [ext: omni.kit.widget.calendar-1.0.9] startup
[3.101s] [ext: omni.kit.widget.extended_searchfield-1.0.31] startup
[3.108s] [ext: omni.simready.content.browser-0.3.8] startup
[3.173s] [ext: isaacsim.gui.content_browser-0.5.1] startup
[3.175s] [ext: omni.kit.selection-0.1.6] startup
[3.176s] [ext: isaacsim.gui.menu-2.10.12] startup
[3.181s] [ext: isaacsim.gui.property-1.6.4] startup
[3.186s] [ext: omni.kit.viewport.actions-110.1.0] startup
[3.189s] [ext: omni.kit.viewport.menubar.display-110.0.0] startup
[3.191s] [ext: isaacsim.gui.sensors.icon-2.2.4] startup
[3.193s] [ext: omni.behavior.scripting.core-110.3.0] startup
[3.196s] [ext: isaacsim.replicator.behavior-1.6.2] startup
[3.200s] [ext: isaacsim.replicator.experimental.domain_randomization-1.2.10] startup
[3.211s] [ext: isaacsim.replicator.domain_randomization-1.2.3] startup
[3.269s] [ext: isaacsim.replicator.writers-1.5.6] startup
[3.285s] [ext: isaacsim.robot.experimental.wheeled_robots-0.2.14] startup
[3.301s] [ext: isaacsim.robot_motion.experimental.motion_generation-7.1.2] startup
[3.307s] [ext: isaacsim.robot.policy.examples-7.2.0] startup
[3.999s] [ext: isaacsim.robot.wheeled_robots-5.2.5] startup
[4.002s] [ext: isaacsim.robot.wheeled_robots.nodes-0.1.12] startup
[4.015s] [ext: isaacsim.robot_motion.controllers-0.3.2] startup
[4.022s] [ext: isaacsim.robot_motion.cumotion-1.4.0] startup
[4.031s] [ext: omni.kit.numpy.common-0.1.3] startup
[4.032s] [ext: omni.rtx.spg-0.4.0] startup
[4.037s] [ext: omni.sensors.nv.camera-1.0.0] startup
[4.041s] [ext: isaacsim.sensors.camera-1.7.13] startup
[4.057s] [ext: isaacsim.sensors.experimental.physics-3.3.0] startup
[4.065s] [ext: omni.sensors.net-1.0.1] startup
[4.067s] [ext: omni.sensors.nv.common-3.0.0] startup
[4.077s] [ext: omni.sensors.nv.materials-2.0.0] startup
[4.080s] [ext: omni.sensors.nv.acoustic-3.0.0] startup
[4.082s] [ext: omni.sensors.nv.ids-2.0.1] startup
[4.083s] [ext: omni.sensors.nv.lidar-3.0.0] startup
[4.086s] [ext: omni.sensors.nv.radar-3.0.0] startup
[4.089s] [ext: isaacsim.sensors.experimental.rtx-1.9.0] startup
[4.240s] [ext: isaacsim.sensors.physics.nodes-1.6.2] startup
[4.245s] [ext: isaacsim.util.debug_draw-3.2.6] startup
[4.249s] [ext: isaacsim.sensors.physx-2.5.7] startup
[4.256s] [ext: isaacsim.sensors.rtx-15.17.5] startup
[4.266s] [ext: isaacsim.simulation_app-2.19.0] startup
[4.267s] [ext: omni.anim.curve.core-1.6.1] startup
[4.275s] [ext: omni.graph.ui_nodes-2.11.1] startup
[4.292s] [ext: omni.kit.manipulator.camera-110.1.0] startup
[4.294s] [ext: omni.kit.manipulator.selector-1.1.4] startup
[4.295s] [ext: omni.kit.manipulator.transform-107.0.1] startup
[4.298s] [ext: omni.kit.widget.toolbar-2.1.0] startup
[4.302s] [ext: omni.kit.manipulator.tool.snap-1.5.15] startup
[4.305s] [ext: omni.kit.viewport.manipulator.transform-107.0.4] startup
[4.306s] [ext: omni.kit.manipulator.prim.core-108.0.2] startup
[4.310s] [ext: omni.kit.manipulator.prim.usd-107.0.3] startup
[4.311s] [ext: omni.kit.manipulator.prim-108.0.0] startup
[4.311s] [ext: omni.kit.manipulator.selection-110.0.0] startup
[4.312s] [ext: omni.kit.menu.create-2.0.2] startup
[4.314s] [ext: omni.kit.property.audio-1.0.18] startup
[4.317s] [ext: omni.kit.property.camera-1.0.14] startup
[4.318s] [ext: omni.kit.property.geometry-2.1.2] startup
[4.320s] [ext: omni.kit.property.light-1.0.16] startup
[4.346s] [ext: omni.kit.property.material-1.14.10] startup
[4.352s] [ext: omni.kit.property.render-1.2.2] startup
[4.353s] [ext: omni.kit.property.transform-1.6.12] startup
[4.356s] [ext: omni.kit.property.bundle-1.5.2] startup
[4.357s] [ext: omni.kit.usdz_export-1.1.1] startup
[4.359s] [ext: omni.kit.tool.asset_importer-6.0.2] startup
[4.363s] [ext: omni.kit.ui.actions-1.0.5] startup
[4.364s] [ext: omni.kit.viewport.menubar.camera-107.0.14] startup
[4.368s] [ext: omni.kit.viewport.menubar.lighting-107.3.2] startup
[4.370s] [ext: omni.kit.viewport.menubar.render-110.1.1] startup
[4.371s] [ext: omni.kit.viewport.menubar.settings-110.0.1] startup
[4.374s] [ext: omni.kit.window.console-1.1.10] startup
[4.377s] [ext: omni.kit.window.status_bar-0.1.11] startup
[4.379s] [ext: omni.kit.window.toolbar-3.0.3] startup
[4.381s] [ext: omni.ocio-0.1.1] startup
[4.382s] [ext: omni.physx.commands-110.3.2] startup
[4.384s] [ext: omni.replicator.replicator_yaml-2.0.12] startup
[4.391s] [ext: omni.rtx.window.settings-0.8.2] startup
[4.394s] [ext: omni.rtx.settings.core-0.7.1] startup
[4.397s] [ext: omni.usd.metrics.assembler.ui-110.1.1] startup
[4.402s] [ext: semantics.schema.editor-2.0.2] startup
[4.404s] [ext: semantics.schema.property-2.0.2] startup
[4.405s] [ext: omni.kit.menu.common-2.0.2] startup
[4.406s] [ext: isaacsim.exp.base-6.1.0] startup
[4.406s] [ext: isaacsim.exp.base.python-6.1.0] startup
[4.408s] Simulation App Starting
2026-09-21T14:28:30Z [4,427ms] [Warning] [carb.audio.device] audio device is misconfigured or broken {deviceIndex = 0, name = 'default'} (The device is likely misconfigured, check your $HOME/.asoundrc)
2026-09-21T14:28:30Z [4,427ms] [Warning] [carb.audio.output] failed to retrieve the capabilities for device 0 {result = eDeviceLost (2)}
2026-09-21T14:28:30Z [4,427ms] [Warning] [carb.audio.context] failed to set the requested output during context creation.  Using a null streamer instead {result = eDeviceLost (2)}
[5.299s] Simulation App Startup Complete
[5.308s] app ready
d1 support dt=0.01 J=19.619999434798988 expect=19.62 status=RUN_OK
[6.792s] Simulation App Shutting Down
