[Warning] PYTHONPATH: path doesn't exist (/home/monad/env_isaacsim-c22/lib/python3.12/site-packages/isaacsim/exts/isaacsim.simulation_app)
[Warning] Unable to expose 'isaacsim.simulation_app' API: Extension not found. Please install 'isaacsim[all,extscache]' to install the full Isaac Sim bundle
Loading user config located at: '/home/monad/.local/share/ov/data/Kit/Isaac-Sim_Compatibility_Checker/6.1/user.config.json'
2026-09-21T06:00:16Z [Info] [carb] Logging to file: /home/monad/.nvidia-omniverse/logs/Kit/Isaac-Sim_Compatibility_Checker/6.1/kit_20260921_150016.log
2026-09-21T06:00:16Z [0ms] [Warning] [omni.kit.app.plugin] No crash reporter present, dumps uploading isn't available.
[0.033s] [ext: omni.assets.plugins-0.0.0] startup
[0.033s] [ext: omni.blobkey-1.1.2] startup
[0.033s] [ext: omni.kit.async_engine-0.0.3] startup
[0.050s] [ext: omni.client.lib-1.1.1] startup
[0.057s] [ext: omni.client-1.3.0] startup
[0.059s] [ext: omni.gpu_foundation.shadercache.vulkan-1.0.0] startup
[0.061s] [ext: omni.hsscclient-1.1.4] startup
[0.062s] [ext: omni.stats-1.0.1] startup
[0.062s] [ext: omni.gpu_foundation-0.0.0] startup
[0.201s] [ext: carb.windowing.plugins-1.0.1] startup
2026-09-21T06:00:17Z [174ms] [Warning] [carb.windowing-glfw.plugin] GLFW initialization failed.
2026-09-21T06:00:17Z [174ms] [Warning] [carb] Failed to startup plugin carb.windowing-glfw.plugin (interfaces: [carb::windowing::IGLContext v1.0],[carb::windowing::IWindowing v1.5]) (impl: carb.windowing-glfw.plugin)
[0.201s] [ext: omni.kit.renderer.init-1.0.1] startup
2026-09-21T06:00:17Z [200ms] [Warning] [omni.platforminfo.plugin] failed to open the default display.  Can't verify X Server version.
2026-09-21T06:00:17Z [472ms] [Warning] [carb.windowing-glfw.plugin] GLFW initialization failed.
2026-09-21T06:00:17Z [472ms] [Warning] [carb] Failed to startup plugin carb.windowing-glfw.plugin (interfaces: [carb::windowing::IGLContext v1.0],[carb::windowing::IWindowing v1.5]) (impl: carb.windowing-glfw.plugin)
2026-09-21T06:00:17Z [473ms] [Warning] [carb.windowing-glfw.plugin] GLFW initialization failed.
2026-09-21T06:00:17Z [473ms] [Warning] [carb] Failed to startup plugin carb.windowing-glfw.plugin (interfaces: [carb::windowing::IGLContext v1.0],[carb::windowing::IWindowing v1.5]) (impl: carb.windowing-glfw.plugin)
2026-09-21T06:00:17Z [555ms] [Warning] [omni.rtx] Skipping unsupported non-NVIDIA GPU: AMD Ryzen 7 9700X 8-Core Processor (RADV RAPHAEL_MENDOCINO)
2026-09-21T06:00:17Z [555ms] [Warning] [omni.rtx] Skipping unsupported non-NVIDIA GPU: AMD Ryzen 7 9700X 8-Core Processor (RADV RAPHAEL_MENDOCINO)

|---------------------------------------------------------------------------------------------|
| Driver Version: 595.84        | Graphics API: Vulkan
|=============================================================================================|
| GPU | Name                             | Active | LDA | GPU Memory | Vendor-ID | LUID       |
|     |                                  |        |     |            | Device-ID | UUID       |
|     |                                  |        |     |            | Bus-ID    |            |
|---------------------------------------------------------------------------------------------|
| 0   | NVIDIA GeForce RTX 3080          | Yes: 0 |     | 10240   MB | 10de      | 0          |
|     |                                  |        |     |            | 2206      | 24d4b5c1.. |
|     |                                  |        |     |            | 1         |            |
|---------------------------------------------------------------------------------------------|
| 1   | AMD Ryzen 7 9700X 8-Core Proce.. |        |     | 10737   MB | 1002      | 0          |
|     |                                  |        |     |            | 13c0      | 00000000.. |
|     |                                  |        |     |            | 11        |            |
|=============================================================================================|
| OS: 24.04.4 LTS (Noble Numbat) ubuntu, Version: 24.04.4, Kernel: 7.0.0-31-generic
| Processor: AMD Ryzen 7 9700X 8-Core Processor
| Cores: 8 | Logical Cores: 16
|---------------------------------------------------------------------------------------------|
| Total Memory (MB): 31187 | Free Memory: 18323
| Total Page/Swap (MB): 15258 | Free Page/Swap: 4873
|---------------------------------------------------------------------------------------------|
2026-09-21T06:00:17Z [795ms] [Warning] [omni.rtx] PCIe link width current (8) and maximum (16) for device 0 don't match.
2026-09-21T06:00:17Z [796ms] [Warning] [omni.rtx] IOMMU is enabled.
[0.921s] [ext: omni.kit.pipapi-0.0.0] startup
[0.922s] [ext: omni.kit.pip_archive-0.0.0] startup
[0.922s] [ext: omni.kit.telemetry-0.5.2] startup
[0.945s] [ext: omni.kit.loop-default-0.2.2] startup
[0.945s] [ext: omni.appwindow-1.2.2] startup
2026-09-21T06:00:17Z [918ms] [Warning] [carb.windowing-glfw.plugin] GLFW initialization failed.
2026-09-21T06:00:17Z [918ms] [Warning] [carb] Failed to startup plugin carb.windowing-glfw.plugin (interfaces: [carb::windowing::IGLContext v1.0],[carb::windowing::IWindowing v1.5]) (impl: carb.windowing-glfw.plugin)
2026-09-21T06:00:17Z [918ms] [Warning] [carb.windowing-glfw.plugin] GLFW initialization failed.
2026-09-21T06:00:17Z [918ms] [Warning] [carb] Failed to startup plugin carb.windowing-glfw.plugin (interfaces: [carb::windowing::IGLContext v1.0],[carb::windowing::IWindowing v1.5]) (impl: carb.windowing-glfw.plugin)
2026-09-21T06:00:17Z [919ms] [Error] [omni.appwindow.plugin] Failed to acquire IWindowing interface
2026-09-21T06:00:17Z [919ms] [Error] [omni.appwindow.plugin] IAppWindow::startup failed
[0.947s] [ext: omni.kit.renderer.core-1.3.1] startup
2026-09-21T06:00:17Z [937ms] [Warning] [carb.windowing-glfw.plugin] GLFW initialization failed.
2026-09-21T06:00:17Z [937ms] [Warning] [carb] Failed to startup plugin carb.windowing-glfw.plugin (interfaces: [carb::windowing::IGLContext v1.0],[carb::windowing::IWindowing v1.5]) (impl: carb.windowing-glfw.plugin)
[0.966s] [ext: omni.kit.renderer.capture-2.0.1] startup
[0.968s] [ext: omni.kit.renderer.imgui-2.1.0] startup
2026-09-21T06:00:17Z [942ms] [Warning] [carb.windowing-glfw.plugin] GLFW initialization failed.
2026-09-21T06:00:17Z [942ms] [Warning] [carb] Failed to startup plugin carb.windowing-glfw.plugin (interfaces: [carb::windowing::IGLContext v1.0],[carb::windowing::IWindowing v1.5]) (impl: carb.windowing-glfw.plugin)
2026-09-21T06:00:17Z [943ms] [Warning] [omni.ui.windowmanager.plugin] Failed to set app window for default window set!
[0.971s] [ext: omni.ui-3.3.1] startup
[0.979s] [ext: omni.kit.mainwindow-1.0.4] startup
[0.980s] [ext: carb.audio-0.1.0] startup
[0.981s] [ext: omni.uiaudio-1.0.0] startup
[0.982s] [ext: omni.kit.uiapp-0.0.0] startup
[0.982s] [ext: isaacsim.app.compatibility_check-1.1.6] startup
[0.987s] 
[0.987s] =============================================
[0.987s] 
[0.987s] NVIDIA GPU(s)
[1.041s]   |-- Driver version [supported]
[1.042s]   |     |-- installed: 595.84
[1.042s]   |     |-- minimum: 535.161
[1.067s]   |-- GPU 0 [supported]
[1.067s]   |     |-- name: NVIDIA GeForce RTX 3080
[1.092s]   |-- GPU 0: VRAM [enough (more is recommended)]
[1.092s]   |     |-- total: 10.74 GB
[1.092s]   |     |-- minimum: 10 GB
[1.092s] 
[1.092s] CPU, RAM and Storage
[1.092s]   |-- CPU processor [supported]
[1.092s]   |     |-- name: AMD Ryzen 7 9700X 8-Core Processor
[1.092s]   |-- CPU cores [excellent]
[1.092s]   |     |-- total: 16
[1.092s]   |     |-- minimum: 4
[1.092s]   |-- CPU power governor [ideal]
[1.092s]   |     |-- governor(s): Performance
[1.092s]   |-- RAM [enough (more is recommended)]
[1.092s]   |     |-- total: 32.7 GB
[1.092s]   |     |-- minimum: 32 GB
[1.094s]   |-- Storage [enough (more is recommended)]
[1.094s]   |     |-- total available: 59.27 GB
[1.094s]   |     |-- minimum: 50 GB
[1.094s] 
[1.094s] Others
[1.094s]   |-- Operating system [supported]
[1.094s]   |     |-- name and version: Ubuntu 24.04.4 LTS
[1.094s]   |-- Display [no display was detected, visit the following link for information on the different livestreaming methods to view headless application instances: docs.omniverse.nvidia.com/isaacsim/latest/installation/manual_livestream_clients.html]
[1.094s] 
[1.094s] =============================================
[1.094s] 
[1.094s] System checking result: PASSED
[1.094s] 
[1.094s] =============================================
[1.094s] 
[1.096s] [ext: isaacsim.exp.compatibility_check-6.1.0] startup
[1.129s] app ready
