    1C
    1UPET uncalibrated coupon sensitivity                               
    1UUSER                                                              
    1UDATE              21.september.2026                               
    1UTIME              12:09:04                                        
    1UHOST                                                              
    1UPGM               CalculiX                                        
    1UVERSION           Version 2.21                             
    1UCOMPILETIME       Sat Jul 29 10:52:01 CEST 2023                    
    1UDIR                                                               
    1UDBN                                                               
    1UMAT    1PET                                                       
    2C                            36                                     1
 -1         1 0.00000E+00 0.00000E+00 0.00000E+00
 -1         2 0.00000E+00 5.00000E+00 0.00000E+00
 -1         3 0.00000E+00 5.00000E+00 1.00000E+00
 -1         4 0.00000E+00 0.00000E+00 1.00000E+00
 -1         5 2.50000E+00 0.00000E+00 0.00000E+00
 -1         6 2.50000E+00 5.00000E+00 0.00000E+00
 -1         7 2.50000E+00 5.00000E+00 1.00000E+00
 -1         8 2.50000E+00 0.00000E+00 1.00000E+00
 -1         9 5.00000E+00 0.00000E+00 0.00000E+00
 -1        10 5.00000E+00 5.00000E+00 0.00000E+00
 -1        11 5.00000E+00 5.00000E+00 1.00000E+00
 -1        12 5.00000E+00 0.00000E+00 1.00000E+00
 -1        13 7.50000E+00 0.00000E+00 0.00000E+00
 -1        14 7.50000E+00 5.00000E+00 0.00000E+00
 -1        15 7.50000E+00 5.00000E+00 1.00000E+00
 -1        16 7.50000E+00 0.00000E+00 1.00000E+00
 -1        17 1.00000E+01 0.00000E+00 0.00000E+00
 -1        18 1.00000E+01 5.00000E+00 0.00000E+00
 -1        19 1.00000E+01 5.00000E+00 1.00000E+00
 -1        20 1.00000E+01 0.00000E+00 1.00000E+00
 -1        21 1.25000E+01 0.00000E+00 0.00000E+00
 -1        22 1.25000E+01 5.00000E+00 0.00000E+00
 -1        23 1.25000E+01 5.00000E+00 1.00000E+00
 -1        24 1.25000E+01 0.00000E+00 1.00000E+00
 -1        25 1.50000E+01 0.00000E+00 0.00000E+00
 -1        26 1.50000E+01 5.00000E+00 0.00000E+00
 -1        27 1.50000E+01 5.00000E+00 1.00000E+00
 -1        28 1.50000E+01 0.00000E+00 1.00000E+00
 -1        29 1.75000E+01 0.00000E+00 0.00000E+00
 -1        30 1.75000E+01 5.00000E+00 0.00000E+00
 -1        31 1.75000E+01 5.00000E+00 1.00000E+00
 -1        32 1.75000E+01 0.00000E+00 1.00000E+00
 -1        33 2.00000E+01 0.00000E+00 0.00000E+00
 -1        34 2.00000E+01 5.00000E+00 0.00000E+00
 -1        35 2.00000E+01 5.00000E+00 1.00000E+00
 -1        36 2.00000E+01 0.00000E+00 1.00000E+00
 -3
    3C                             8                                     1
 -1         1    1    0    1
 -2         1         5         6         2         4         8         7         3
 -1         2    1    0    1
 -2         5         9        10         6         8        12        11         7
 -1         3    1    0    1
 -2         9        13        14        10        12        16        15        11
 -1         4    1    0    1
 -2        13        17        18        14        16        20        19        15
 -1         5    1    0    1
 -2        17        21        22        18        20        24        23        19
 -1         6    1    0    1
 -2        21        25        26        22        24        28        27        23
 -1         7    1    0    1
 -2        25        29        30        26        28        32        31        27
 -1         8    1    0    1
 -2        29        33        34        30        32        36        35        31
 -3
 9999
