
************************************************************

CalculiX Version 2.21, Copyright(C) 1998-2023 Guido Dhondt
CalculiX comes with ABSOLUTELY NO WARRANTY. This is free
software, and you are welcome to redistribute it under
certain conditions, see gpl.htm

************************************************************

You are using an executable made on Sat Jul 29 10:52:01 CEST 2023

  The numbers below are estimated upper bounds

  number of:

   nodes:           36
   elements:            8
   one-dimensional elements:            0
   two-dimensional elements:            0
   integration points per element:            8
   degrees of freedom per node:            3
   layers per element:            1

   distributed facial loads:            0
   distributed volumetric loads:            0
   concentrated loads:            0
   single point constraints:           16
   multiple point constraints:            1
   terms in all multiple point constraints:            1
   tie constraints:            0
   dependent nodes tied by cyclic constraints:            0
   dependent nodes in pre-tension constraints:            0

   sets:            3
   terms in all sets:           24

   materials:            1
   constants per material and temperature:            2
   temperature points per material:            1
   plastic data points per material:            0

   orientations:            0
   amplitudes:            1
   data points in all amplitudes:            1
   print requests:            4
   transformations:            0
   property cards:            0


 STEP            1

 *INFO reading *STEP: nonlinear geometric
       effects are turned on

 *WARNING reading *STATIC:
          the minimum increment    1.0000000000000000E-008
          is smaller then 1.e-6 times the 
          step time;
          the minimum increment is changed
          to    9.9999999999999995E-007
          which is the minimum of the initial
          increment time and 1.e-6 times the step time

 Static analysis was selected

 Newton-Raphson iterative procedure is active

 Nonlinear geometric effects are taken into account

 Decascading the MPC's

 Determining the structure of the matrix:
 Using up to 1 cpu(s) for setting up the structure of the matrix.
 number of equations
 92
 number of nonzero lower triangular matrix elements
 1450

 increment 1 attempt 1 
 increment size= 5.000000e-02
 sum of previous increments=0.000000e+00
 actual step time=5.000000e-02
 actual total time=5.000000e-02

 iteration 1

 Using up to 1 cpu(s) for the stress calculation.

 Using up to 1 cpu(s) for the symmetric stiffness/mass contributions.

 Factoring the system of equations using the symmetric spooles solver
 Using up to 1 cpu(s) for spooles.

 Using up to 1 cpu(s) for the stress calculation.

 average force= 0.596729
 time avg. forc= 0.596729
 largest residual force= 0.003304 in node 10 and dof 3
 largest increment of disp= 8.717369e-03
 largest correction to disp= 8.717369e-03 in node 30 and dof 1

 no convergence

 iteration 2

 Using up to 1 cpu(s) for the symmetric stiffness/mass contributions.

 Factoring the system of equations using the symmetric spooles solver
 Using up to 1 cpu(s) for spooles.

 Using up to 1 cpu(s) for the stress calculation.

 average force= 0.596275
 time avg. forc= 0.596275
 largest residual force= 0.000000 in node 6 and dof 3
 largest increment of disp= 8.717369e-03
 largest correction to disp= 1.671786e-07 in node 14 and dof 2

 convergence

 Using up to 1 cpu(s) for the stress calculation.

 increment 2 attempt 1 
 increment size= 5.000000e-02
 sum of previous increments=5.000000e-02
 actual step time=1.000000e-01
 actual total time=1.000000e-01

 iteration 1

 Using up to 1 cpu(s) for the stress calculation.

 Using up to 1 cpu(s) for the symmetric stiffness/mass contributions.

 Factoring the system of equations using the symmetric spooles solver
 Using up to 1 cpu(s) for spooles.

 Using up to 1 cpu(s) for the stress calculation.

 average force= 1.193409
 time avg. forc= 0.894842
 largest residual force= 0.000000 in node 8 and dof 3
 largest increment of disp= 8.717385e-03
 largest correction to disp= 3.345043e-07 in node 16 and dof 2

 no convergence

 iteration 2

 Using up to 1 cpu(s) for the symmetric stiffness/mass contributions.

 Factoring the system of equations using the symmetric spooles solver
 Using up to 1 cpu(s) for spooles.

 Using up to 1 cpu(s) for the stress calculation.

 average force= 1.193409
 time avg. forc= 0.894842
 largest residual force= 0.000000 in node 27 and dof 1
 largest increment of disp= 8.717385e-03
 largest correction to disp= 7.415016e-14 in node 10 and dof 2

 convergence; the increment size is increased to 7.500000e-02

 Using up to 1 cpu(s) for the stress calculation.

 increment 3 attempt 1 
 increment size= 7.500000e-02
 sum of previous increments=1.000000e-01
 actual step time=1.750000e-01
 actual total time=1.750000e-01

 iteration 1

 Using up to 1 cpu(s) for the stress calculation.

 Using up to 1 cpu(s) for the symmetric stiffness/mass contributions.

 Factoring the system of equations using the symmetric spooles solver
 Using up to 1 cpu(s) for spooles.

 Using up to 1 cpu(s) for the stress calculation.

 average force= 2.090723
 time avg. forc= 1.293469
 largest residual force= 0.000000 in node 6 and dof 3
 largest increment of disp= 1.307613e-02
 largest correction to disp= 6.276782e-07 in node 16 and dof 2

 no convergence

 iteration 2

 Using up to 1 cpu(s) for the symmetric stiffness/mass contributions.

 Factoring the system of equations using the symmetric spooles solver
 Using up to 1 cpu(s) for spooles.

 Using up to 1 cpu(s) for the stress calculation.

 average force= 2.090723
 time avg. forc= 1.293469
 largest residual force= 0.000000 in node 17 and dof 1
 largest increment of disp= 1.307613e-02
 largest correction to disp= 2.607876e-13 in node 10 and dof 2

 convergence; the increment size is increased to 1.125000e-01

 the increment size exceeds the maximum allowed and is decreased to 1.000000e-01

 Using up to 1 cpu(s) for the stress calculation.

 increment 4 attempt 1 
 increment size= 1.000000e-01
 sum of previous increments=1.750000e-01
 actual step time=2.750000e-01
 actual total time=2.750000e-01

 iteration 1

 Using up to 1 cpu(s) for the stress calculation.

 Using up to 1 cpu(s) for the symmetric stiffness/mass contributions.

 Factoring the system of equations using the symmetric spooles solver
 Using up to 1 cpu(s) for spooles.

 Using up to 1 cpu(s) for the stress calculation.

 average force= 3.290150
 time avg. forc= 1.792639
 largest residual force= 0.000000 in node 5 and dof 3
 largest increment of disp= 1.743491e-02
 largest correction to disp= 1.172826e-06 in node 15 and dof 2

 no convergence

 iteration 2

 Using up to 1 cpu(s) for the symmetric stiffness/mass contributions.

 Factoring the system of equations using the symmetric spooles solver
 Using up to 1 cpu(s) for spooles.

 Using up to 1 cpu(s) for the stress calculation.

 average force= 3.290150
 time avg. forc= 1.792639
 largest residual force= 0.000000 in node 32 and dof 1
 largest increment of disp= 1.743491e-02
 largest correction to disp= 9.092204e-13 in node 9 and dof 2

 convergence; the increment size is increased to 1.500000e-01

 the increment size exceeds the maximum allowed and is decreased to 1.000000e-01

 Using up to 1 cpu(s) for the stress calculation.

 increment 5 attempt 1 
 increment size= 1.000000e-01
 sum of previous increments=2.750000e-01
 actual step time=3.750000e-01
 actual total time=3.750000e-01

 iteration 1

 Using up to 1 cpu(s) for the stress calculation.

 Using up to 1 cpu(s) for the symmetric stiffness/mass contributions.

 Factoring the system of equations using the symmetric spooles solver
 Using up to 1 cpu(s) for spooles.

 Using up to 1 cpu(s) for the stress calculation.

 average force= 4.493021
 time avg. forc= 2.332716
 largest residual force= 0.000000 in node 7 and dof 3
 largest increment of disp= 1.743502e-02
 largest correction to disp= 1.341996e-06 in node 14 and dof 2

 no convergence

 iteration 2

 Using up to 1 cpu(s) for the symmetric stiffness/mass contributions.

 Factoring the system of equations using the symmetric spooles solver
 Using up to 1 cpu(s) for spooles.

 Using up to 1 cpu(s) for the stress calculation.

 average force= 4.493021
 time avg. forc= 2.332716
 largest residual force= 0.000000 in node 25 and dof 1
 largest increment of disp= 1.743502e-02
 largest correction to disp= 1.188405e-12 in node 9 and dof 2

 convergence; the increment size is increased to 1.500000e-01

 the increment size exceeds the maximum allowed and is decreased to 1.000000e-01

 Using up to 1 cpu(s) for the stress calculation.

 increment 6 attempt 1 
 increment size= 1.000000e-01
 sum of previous increments=3.750000e-01
 actual step time=4.750000e-01
 actual total time=4.750000e-01

 iteration 1

 Using up to 1 cpu(s) for the stress calculation.

 Using up to 1 cpu(s) for the symmetric stiffness/mass contributions.

 Factoring the system of equations using the symmetric spooles solver
 Using up to 1 cpu(s) for spooles.

 Using up to 1 cpu(s) for the stress calculation.

 average force= 5.699337
 time avg. forc= 2.893819
 largest residual force= 0.000000 in node 7 and dof 3
 largest increment of disp= 1.743515e-02
 largest correction to disp= 1.343770e-06 in node 13 and dof 2

 no convergence

 iteration 2

 Using up to 1 cpu(s) for the symmetric stiffness/mass contributions.

 Factoring the system of equations using the symmetric spooles solver
 Using up to 1 cpu(s) for spooles.

 Using up to 1 cpu(s) for the stress calculation.

 average force= 5.699337
 time avg. forc= 2.893819
 largest residual force= 0.000000 in node 26 and dof 3
 largest increment of disp= 1.743515e-02
 largest correction to disp= 1.189341e-12 in node 10 and dof 2

 convergence; the increment size is increased to 1.500000e-01

 the increment size exceeds the maximum allowed and is decreased to 1.000000e-01

 Using up to 1 cpu(s) for the stress calculation.

 increment 7 attempt 1 
 increment size= 1.000000e-01
 sum of previous increments=4.750000e-01
 actual step time=5.750000e-01
 actual total time=5.750000e-01

 iteration 1

 Using up to 1 cpu(s) for the stress calculation.

 Using up to 1 cpu(s) for the symmetric stiffness/mass contributions.

 Factoring the system of equations using the symmetric spooles solver
 Using up to 1 cpu(s) for spooles.

 Using up to 1 cpu(s) for the stress calculation.

 average force= 6.909100
 time avg. forc= 3.467431
 largest residual force= 0.000000 in node 6 and dof 3
 largest increment of disp= 1.743527e-02
 largest correction to disp= 1.345547e-06 in node 14 and dof 2

 no convergence

 iteration 2

 Using up to 1 cpu(s) for the symmetric stiffness/mass contributions.

 Factoring the system of equations using the symmetric spooles solver
 Using up to 1 cpu(s) for spooles.

 Using up to 1 cpu(s) for the stress calculation.

 average force= 6.909100
 time avg. forc= 3.467431
 largest residual force= 0.000000 in node 25 and dof 1
 largest increment of disp= 1.743527e-02
 largest correction to disp= 1.190279e-12 in node 9 and dof 2

 convergence; the increment size is increased to 1.500000e-01

 the increment size exceeds the maximum allowed and is decreased to 1.000000e-01

 Using up to 1 cpu(s) for the stress calculation.

 increment 8 attempt 1 
 increment size= 1.000000e-01
 sum of previous increments=5.750000e-01
 actual step time=6.750000e-01
 actual total time=6.750000e-01

 iteration 1

 Using up to 1 cpu(s) for the stress calculation.

 Using up to 1 cpu(s) for the symmetric stiffness/mass contributions.

 Factoring the system of equations using the symmetric spooles solver
 Using up to 1 cpu(s) for spooles.

 Using up to 1 cpu(s) for the stress calculation.

 average force= 8.122314
 time avg. forc= 4.049291
 largest residual force= 0.000000 in node 7 and dof 3
 largest increment of disp= 1.743539e-02
 largest correction to disp= 1.347327e-06 in node 16 and dof 2

 no convergence

 iteration 2

 Using up to 1 cpu(s) for the symmetric stiffness/mass contributions.

 Factoring the system of equations using the symmetric spooles solver
 Using up to 1 cpu(s) for spooles.

 Using up to 1 cpu(s) for the stress calculation.

 average force= 8.122314
 time avg. forc= 4.049291
 largest residual force= 0.000000 in node 29 and dof 1
 largest increment of disp= 1.743539e-02
 largest correction to disp= 1.191200e-12 in node 9 and dof 2

 convergence; the increment size is increased to 1.500000e-01

 the increment size exceeds the maximum allowed and is decreased to 1.000000e-01

 Using up to 1 cpu(s) for the stress calculation.

 increment 9 attempt 1 
 increment size= 1.000000e-01
 sum of previous increments=6.750000e-01
 actual step time=7.750000e-01
 actual total time=7.750000e-01

 iteration 1

 Using up to 1 cpu(s) for the stress calculation.

 Using up to 1 cpu(s) for the symmetric stiffness/mass contributions.

 Factoring the system of equations using the symmetric spooles solver
 Using up to 1 cpu(s) for spooles.

 Using up to 1 cpu(s) for the stress calculation.

 average force= 9.338981
 time avg. forc= 4.637034
 largest residual force= 0.000000 in node 5 and dof 3
 largest increment of disp= 1.743551e-02
 largest correction to disp= 1.349110e-06 in node 14 and dof 2

 no convergence

 iteration 2

 Using up to 1 cpu(s) for the symmetric stiffness/mass contributions.

 Factoring the system of equations using the symmetric spooles solver
 Using up to 1 cpu(s) for spooles.

 Using up to 1 cpu(s) for the stress calculation.

 average force= 9.338981
 time avg. forc= 4.637034
 largest residual force= 0.000000 in node 29 and dof 3
 largest increment of disp= 1.743551e-02
 largest correction to disp= 1.192086e-12 in node 12 and dof 2

 convergence; the increment size is increased to 1.500000e-01

 the increment size exceeds the maximum allowed and is decreased to 1.000000e-01

 Using up to 1 cpu(s) for the stress calculation.

 increment 10 attempt 1 
 increment size= 1.000000e-01
 sum of previous increments=7.750000e-01
 actual step time=8.750000e-01
 actual total time=8.750000e-01

 iteration 1

 Using up to 1 cpu(s) for the stress calculation.

 Using up to 1 cpu(s) for the symmetric stiffness/mass contributions.

 Factoring the system of equations using the symmetric spooles solver
 Using up to 1 cpu(s) for spooles.

 Using up to 1 cpu(s) for the stress calculation.

 average force= 10.559103
 time avg. forc= 5.229241
 largest residual force= 0.000000 in node 8 and dof 3
 largest increment of disp= 1.743564e-02
 largest correction to disp= 1.350897e-06 in node 16 and dof 2

 no convergence

 iteration 2

 Using up to 1 cpu(s) for the symmetric stiffness/mass contributions.

 Factoring the system of equations using the symmetric spooles solver
 Using up to 1 cpu(s) for spooles.

 Using up to 1 cpu(s) for the stress calculation.

 average force= 10.559103
 time avg. forc= 5.229241
 largest residual force= 0.000000 in node 23 and dof 1
 largest increment of disp= 1.743564e-02
 largest correction to disp= 1.192982e-12 in node 9 and dof 2

 convergence; the increment size is increased to 1.500000e-01

 the increment size exceeds the maximum allowed and is decreased to 1.000000e-01

 Using up to 1 cpu(s) for the stress calculation.

 increment 11 attempt 1 
 increment size= 1.000000e-01
 sum of previous increments=8.750000e-01
 actual step time=9.750000e-01
 actual total time=9.750000e-01

 iteration 1

 Using up to 1 cpu(s) for the stress calculation.

 Using up to 1 cpu(s) for the symmetric stiffness/mass contributions.

 Factoring the system of equations using the symmetric spooles solver
 Using up to 1 cpu(s) for spooles.

 Using up to 1 cpu(s) for the stress calculation.

 average force= 11.782683
 time avg. forc= 5.825009
 largest residual force= 0.000000 in node 7 and dof 3
 largest increment of disp= 1.743576e-02
 largest correction to disp= 1.352687e-06 in node 15 and dof 2

 no convergence

 iteration 2

 Using up to 1 cpu(s) for the symmetric stiffness/mass contributions.

 Factoring the system of equations using the symmetric spooles solver
 Using up to 1 cpu(s) for spooles.

 Using up to 1 cpu(s) for the stress calculation.

 average force= 11.782683
 time avg. forc= 5.825009
 largest residual force= 0.000000 in node 26 and dof 1
 largest increment of disp= 1.743576e-02
 largest correction to disp= 1.193853e-12 in node 12 and dof 2

 convergence; the increment size is increased to 1.500000e-01

 the increment size exceeds the maximum allowed and is decreased to 1.000000e-01

 the increment size exceeds the remainder of the step and is decreased to 2.500000e-02

 Using up to 1 cpu(s) for the stress calculation.

 increment 12 attempt 1 
 increment size= 2.500000e-02
 sum of previous increments=9.750000e-01
 actual step time=1.000000e+00
 actual total time=1.000000e+00

 iteration 1

 Using up to 1 cpu(s) for the stress calculation.

 Using up to 1 cpu(s) for the symmetric stiffness/mass contributions.

 Factoring the system of equations using the symmetric spooles solver
 Using up to 1 cpu(s) for spooles.

 Using up to 1 cpu(s) for the stress calculation.

 average force= 12.089119
 time avg. forc= 6.347018
 largest residual force= 0.000000 in node 6 and dof 3
 largest increment of disp= 4.358969e-03
 largest correction to disp= 2.115676e-07 in node 13 and dof 2

 no convergence

 iteration 2

 Using up to 1 cpu(s) for the symmetric stiffness/mass contributions.

 Factoring the system of equations using the symmetric spooles solver
 Using up to 1 cpu(s) for spooles.

 Using up to 1 cpu(s) for the stress calculation.

 average force= 12.089119
 time avg. forc= 6.347018
 largest residual force= 0.000000 in node 24 and dof 1
 largest increment of disp= 4.358969e-03
 largest correction to disp= 2.920268e-14 in node 10 and dof 2

 convergence; the increment size is increased to 3.750000e-02

 the increment size exceeds the remainder of the step and is decreased to 0.000000e+00

 Using up to 1 cpu(s) for the stress calculation.


 Job finished

________________________________________

Total CalculiX Time: 0.013371
________________________________________
