    1C
    1UPET uncalibrated coupon sensitivity                               
    1UUSER                                                              
    1UDATE              21.september.2026                               
    1UTIME              12:09:04                                        
    1UHOST                                                              
    1UPGM               CalculiX                                        
    1UVERSION           Version 2.21                             
    1UCOMPILETIME       Sat Jul 29 10:52:01 CEST 2023                    
    1UDIR                                                               
    1UDBN                                                               
    1UMAT    1PET                                                       
    2C                            68                                     1
 -1         1 0.00000E+00 0.00000E+00 0.00000E+00
 -1         2 0.00000E+00 5.00000E+00 0.00000E+00
 -1         3 0.00000E+00 5.00000E+00 1.00000E+00
 -1         4 0.00000E+00 0.00000E+00 1.00000E+00
 -1         5 1.25000E+00 0.00000E+00 0.00000E+00
 -1         6 1.25000E+00 5.00000E+00 0.00000E+00
 -1         7 1.25000E+00 5.00000E+00 1.00000E+00
 -1         8 1.25000E+00 0.00000E+00 1.00000E+00
 -1         9 2.50000E+00 0.00000E+00 0.00000E+00
 -1        10 2.50000E+00 5.00000E+00 0.00000E+00
 -1        11 2.50000E+00 5.00000E+00 1.00000E+00
 -1        12 2.50000E+00 0.00000E+00 1.00000E+00
 -1        13 3.75000E+00 0.00000E+00 0.00000E+00
 -1        14 3.75000E+00 5.00000E+00 0.00000E+00
 -1        15 3.75000E+00 5.00000E+00 1.00000E+00
 -1        16 3.75000E+00 0.00000E+00 1.00000E+00
 -1        17 5.00000E+00 0.00000E+00 0.00000E+00
 -1        18 5.00000E+00 5.00000E+00 0.00000E+00
 -1        19 5.00000E+00 5.00000E+00 1.00000E+00
 -1        20 5.00000E+00 0.00000E+00 1.00000E+00
 -1        21 6.25000E+00 0.00000E+00 0.00000E+00
 -1        22 6.25000E+00 5.00000E+00 0.00000E+00
 -1        23 6.25000E+00 5.00000E+00 1.00000E+00
 -1        24 6.25000E+00 0.00000E+00 1.00000E+00
 -1        25 7.50000E+00 0.00000E+00 0.00000E+00
 -1        26 7.50000E+00 5.00000E+00 0.00000E+00
 -1        27 7.50000E+00 5.00000E+00 1.00000E+00
 -1        28 7.50000E+00 0.00000E+00 1.00000E+00
 -1        29 8.75000E+00 0.00000E+00 0.00000E+00
 -1        30 8.75000E+00 5.00000E+00 0.00000E+00
 -1        31 8.75000E+00 5.00000E+00 1.00000E+00
 -1        32 8.75000E+00 0.00000E+00 1.00000E+00
 -1        33 1.00000E+01 0.00000E+00 0.00000E+00
 -1        34 1.00000E+01 5.00000E+00 0.00000E+00
 -1        35 1.00000E+01 5.00000E+00 1.00000E+00
 -1        36 1.00000E+01 0.00000E+00 1.00000E+00
 -1        37 1.12500E+01 0.00000E+00 0.00000E+00
 -1        38 1.12500E+01 5.00000E+00 0.00000E+00
 -1        39 1.12500E+01 5.00000E+00 1.00000E+00
 -1        40 1.12500E+01 0.00000E+00 1.00000E+00
 -1        41 1.25000E+01 0.00000E+00 0.00000E+00
 -1        42 1.25000E+01 5.00000E+00 0.00000E+00
 -1        43 1.25000E+01 5.00000E+00 1.00000E+00
 -1        44 1.25000E+01 0.00000E+00 1.00000E+00
 -1        45 1.37500E+01 0.00000E+00 0.00000E+00
 -1        46 1.37500E+01 5.00000E+00 0.00000E+00
 -1        47 1.37500E+01 5.00000E+00 1.00000E+00
 -1        48 1.37500E+01 0.00000E+00 1.00000E+00
 -1        49 1.50000E+01 0.00000E+00 0.00000E+00
 -1        50 1.50000E+01 5.00000E+00 0.00000E+00
 -1        51 1.50000E+01 5.00000E+00 1.00000E+00
 -1        52 1.50000E+01 0.00000E+00 1.00000E+00
 -1        53 1.62500E+01 0.00000E+00 0.00000E+00
 -1        54 1.62500E+01 5.00000E+00 0.00000E+00
 -1        55 1.62500E+01 5.00000E+00 1.00000E+00
 -1        56 1.62500E+01 0.00000E+00 1.00000E+00
 -1        57 1.75000E+01 0.00000E+00 0.00000E+00
 -1        58 1.75000E+01 5.00000E+00 0.00000E+00
 -1        59 1.75000E+01 5.00000E+00 1.00000E+00
 -1        60 1.75000E+01 0.00000E+00 1.00000E+00
 -1        61 1.87500E+01 0.00000E+00 0.00000E+00
 -1        62 1.87500E+01 5.00000E+00 0.00000E+00
 -1        63 1.87500E+01 5.00000E+00 1.00000E+00
 -1        64 1.87500E+01 0.00000E+00 1.00000E+00
 -1        65 2.00000E+01 0.00000E+00 0.00000E+00
 -1        66 2.00000E+01 5.00000E+00 0.00000E+00
 -1        67 2.00000E+01 5.00000E+00 1.00000E+00
 -1        68 2.00000E+01 0.00000E+00 1.00000E+00
 -3
    3C                            16                                     1
 -1         1    1    0    1
 -2         1         5         6         2         4         8         7         3
 -1         2    1    0    1
 -2         5         9        10         6         8        12        11         7
 -1         3    1    0    1
 -2         9        13        14        10        12        16        15        11
 -1         4    1    0    1
 -2        13        17        18        14        16        20        19        15
 -1         5    1    0    1
 -2        17        21        22        18        20        24        23        19
 -1         6    1    0    1
 -2        21        25        26        22        24        28        27        23
 -1         7    1    0    1
 -2        25        29        30        26        28        32        31        27
 -1         8    1    0    1
 -2        29        33        34        30        32        36        35        31
 -1         9    1    0    1
 -2        33        37        38        34        36        40        39        35
 -1        10    1    0    1
 -2        37        41        42        38        40        44        43        39
 -1        11    1    0    1
 -2        41        45        46        42        44        48        47        43
 -1        12    1    0    1
 -2        45        49        50        46        48        52        51        47
 -1        13    1    0    1
 -2        49        53        54        50        52        56        55        51
 -1        14    1    0    1
 -2        53        57        58        54        56        60        59        55
 -1        15    1    0    1
 -2        57        61        62        58        60        64        63        59
 -1        16    1    0    1
 -2        61        65        66        62        64        68        67        63
 -3
 9999
