
************************************************************

CalculiX Version 2.21, Copyright(C) 1998-2023 Guido Dhondt
CalculiX comes with ABSOLUTELY NO WARRANTY. This is free
software, and you are welcome to redistribute it under
certain conditions, see gpl.htm

************************************************************

You are using an executable made on Sat Jul 29 10:52:01 CEST 2023

  The numbers below are estimated upper bounds

  number of:

   nodes:           36
   elements:            8
   one-dimensional elements:            0
   two-dimensional elements:            0
   integration points per element:            8
   degrees of freedom per node:            3
   layers per element:            1

   distributed facial loads:            0
   distributed volumetric loads:            0
   concentrated loads:            0
   single point constraints:           16
   multiple point constraints:            1
   terms in all multiple point constraints:            1
   tie constraints:            0
   dependent nodes tied by cyclic constraints:            0
   dependent nodes in pre-tension constraints:            0

   sets:            3
   terms in all sets:           24

   materials:            1
   constants per material and temperature:            2
   temperature points per material:            1
   plastic data points per material:            0

   orientations:            0
   amplitudes:            1
   data points in all amplitudes:            1
   print requests:            4
   transformations:            0
   property cards:            0


 STEP            1

 *INFO reading *STEP: nonlinear geometric
       effects are turned on

 *WARNING reading *STATIC:
          the minimum increment    1.0000000000000000E-008
          is smaller then 1.e-6 times the 
          step time;
          the minimum increment is changed
          to    9.9999999999999995E-007
          which is the minimum of the initial
          increment time and 1.e-6 times the step time

 Static analysis was selected

 Newton-Raphson iterative procedure is active

 Nonlinear geometric effects are taken into account

 Decascading the MPC's

 Determining the structure of the matrix:
 Using up to 1 cpu(s) for setting up the structure of the matrix.
 number of equations
 92
 number of nonzero lower triangular matrix elements
 1450

 increment 1 attempt 1 
 increment size= 5.000000e-02
 sum of previous increments=0.000000e+00
 actual step time=5.000000e-02
 actual total time=5.000000e-02

 iteration 1

 Using up to 1 cpu(s) for the stress calculation.

 Using up to 1 cpu(s) for the symmetric stiffness/mass contributions.

 Factoring the system of equations using the symmetric spooles solver
 Using up to 1 cpu(s) for spooles.

 Using up to 1 cpu(s) for the stress calculation.

 average force= 0.706828
 time avg. forc= 0.706828
 largest residual force= 0.003198 in node 11 and dof 3
 largest increment of disp= 8.722841e-03
 largest correction to disp= 8.722841e-03 in node 31 and dof 1

 no convergence

 iteration 2

 Using up to 1 cpu(s) for the symmetric stiffness/mass contributions.

 Factoring the system of equations using the symmetric spooles solver
 Using up to 1 cpu(s) for spooles.

 Using up to 1 cpu(s) for the stress calculation.

 average force= 0.706437
 time avg. forc= 0.706437
 largest residual force= 0.000000 in node 8 and dof 3
 largest increment of disp= 8.722841e-03
 largest correction to disp= 1.556795e-07 in node 13 and dof 2

 convergence

 Using up to 1 cpu(s) for the stress calculation.

 increment 2 attempt 1 
 increment size= 5.000000e-02
 sum of previous increments=5.000000e-02
 actual step time=1.000000e-01
 actual total time=1.000000e-01

 iteration 1

 Using up to 1 cpu(s) for the stress calculation.

 Using up to 1 cpu(s) for the symmetric stiffness/mass contributions.

 Factoring the system of equations using the symmetric spooles solver
 Using up to 1 cpu(s) for spooles.

 Using up to 1 cpu(s) for the stress calculation.

 average force= 1.413889
 time avg. forc= 1.060163
 largest residual force= 0.000000 in node 6 and dof 3
 largest increment of disp= 8.722854e-03
 largest correction to disp= 3.114880e-07 in node 15 and dof 2

 no convergence

 iteration 2

 Using up to 1 cpu(s) for the symmetric stiffness/mass contributions.

 Factoring the system of equations using the symmetric spooles solver
 Using up to 1 cpu(s) for spooles.

 Using up to 1 cpu(s) for the stress calculation.

 average force= 1.413889
 time avg. forc= 1.060163
 largest residual force= 0.000000 in node 27 and dof 1
 largest increment of disp= 8.722854e-03
 largest correction to disp= 6.426469e-14 in node 12 and dof 2

 convergence; the increment size is increased to 7.500000e-02

 Using up to 1 cpu(s) for the stress calculation.

 increment 3 attempt 1 
 increment size= 7.500000e-02
 sum of previous increments=1.000000e-01
 actual step time=1.750000e-01
 actual total time=1.750000e-01

 iteration 1

 Using up to 1 cpu(s) for the stress calculation.

 Using up to 1 cpu(s) for the symmetric stiffness/mass contributions.

 Factoring the system of equations using the symmetric spooles solver
 Using up to 1 cpu(s) for spooles.

 Using up to 1 cpu(s) for the stress calculation.

 average force= 2.476972
 time avg. forc= 1.532432
 largest residual force= 0.000000 in node 5 and dof 3
 largest increment of disp= 1.308432e-02
 largest correction to disp= 5.844631e-07 in node 13 and dof 2

 no convergence

 iteration 2

 Using up to 1 cpu(s) for the symmetric stiffness/mass contributions.

 Factoring the system of equations using the symmetric spooles solver
 Using up to 1 cpu(s) for spooles.

 Using up to 1 cpu(s) for the stress calculation.

 average force= 2.476972
 time avg. forc= 1.532432
 largest residual force= 0.000000 in node 29 and dof 1
 largest increment of disp= 1.308432e-02
 largest correction to disp= 2.260356e-13 in node 10 and dof 2

 convergence; the increment size is increased to 1.125000e-01

 the increment size exceeds the maximum allowed and is decreased to 1.000000e-01

 Using up to 1 cpu(s) for the stress calculation.

 increment 4 attempt 1 
 increment size= 1.000000e-01
 sum of previous increments=1.750000e-01
 actual step time=2.750000e-01
 actual total time=2.750000e-01

 iteration 1

 Using up to 1 cpu(s) for the stress calculation.

 Using up to 1 cpu(s) for the symmetric stiffness/mass contributions.

 Factoring the system of equations using the symmetric spooles solver
 Using up to 1 cpu(s) for spooles.

 Using up to 1 cpu(s) for the stress calculation.

 average force= 3.897972
 time avg. forc= 2.123817
 largest residual force= 0.000000 in node 6 and dof 3
 largest increment of disp= 1.744583e-02
 largest correction to disp= 1.092015e-06 in node 16 and dof 2

 no convergence

 iteration 2

 Using up to 1 cpu(s) for the symmetric stiffness/mass contributions.

 Factoring the system of equations using the symmetric spooles solver
 Using up to 1 cpu(s) for spooles.

 Using up to 1 cpu(s) for the stress calculation.

 average force= 3.897972
 time avg. forc= 2.123817
 largest residual force= 0.000000 in node 27 and dof 1
 largest increment of disp= 1.744583e-02
 largest correction to disp= 7.880683e-13 in node 11 and dof 2

 convergence; the increment size is increased to 1.500000e-01

 the increment size exceeds the maximum allowed and is decreased to 1.000000e-01

 Using up to 1 cpu(s) for the stress calculation.

 increment 5 attempt 1 
 increment size= 1.000000e-01
 sum of previous increments=2.750000e-01
 actual step time=3.750000e-01
 actual total time=3.750000e-01

 iteration 1

 Using up to 1 cpu(s) for the stress calculation.

 Using up to 1 cpu(s) for the symmetric stiffness/mass contributions.

 Factoring the system of equations using the symmetric spooles solver
 Using up to 1 cpu(s) for spooles.

 Using up to 1 cpu(s) for the stress calculation.

 average force= 5.323042
 time avg. forc= 2.763662
 largest residual force= 0.000000 in node 5 and dof 3
 largest increment of disp= 1.744592e-02
 largest correction to disp= 1.249439e-06 in node 14 and dof 2

 no convergence

 iteration 2

 Using up to 1 cpu(s) for the symmetric stiffness/mass contributions.

 Factoring the system of equations using the symmetric spooles solver
 Using up to 1 cpu(s) for spooles.

 Using up to 1 cpu(s) for the stress calculation.

 average force= 5.323042
 time avg. forc= 2.763662
 largest residual force= 0.000000 in node 29 and dof 1
 largest increment of disp= 1.744592e-02
 largest correction to disp= 1.030066e-12 in node 12 and dof 2

 convergence; the increment size is increased to 1.500000e-01

 the increment size exceeds the maximum allowed and is decreased to 1.000000e-01

 Using up to 1 cpu(s) for the stress calculation.

 increment 6 attempt 1 
 increment size= 1.000000e-01
 sum of previous increments=3.750000e-01
 actual step time=4.750000e-01
 actual total time=4.750000e-01

 iteration 1

 Using up to 1 cpu(s) for the stress calculation.

 Using up to 1 cpu(s) for the symmetric stiffness/mass contributions.

 Factoring the system of equations using the symmetric spooles solver
 Using up to 1 cpu(s) for spooles.

 Using up to 1 cpu(s) for the stress calculation.

 average force= 6.752183
 time avg. forc= 3.428416
 largest residual force= 0.000000 in node 6 and dof 3
 largest increment of disp= 1.744602e-02
 largest correction to disp= 1.250993e-06 in node 15 and dof 2

 no convergence

 iteration 2

 Using up to 1 cpu(s) for the symmetric stiffness/mass contributions.

 Factoring the system of equations using the symmetric spooles solver
 Using up to 1 cpu(s) for spooles.

 Using up to 1 cpu(s) for the stress calculation.

 average force= 6.752183
 time avg. forc= 3.428416
 largest residual force= 0.000000 in node 30 and dof 1
 largest increment of disp= 1.744602e-02
 largest correction to disp= 1.030938e-12 in node 12 and dof 2

 convergence; the increment size is increased to 1.500000e-01

 the increment size exceeds the maximum allowed and is decreased to 1.000000e-01

 Using up to 1 cpu(s) for the stress calculation.

 increment 7 attempt 1 
 increment size= 1.000000e-01
 sum of previous increments=4.750000e-01
 actual step time=5.750000e-01
 actual total time=5.750000e-01

 iteration 1

 Using up to 1 cpu(s) for the stress calculation.

 Using up to 1 cpu(s) for the symmetric stiffness/mass contributions.

 Factoring the system of equations using the symmetric spooles solver
 Using up to 1 cpu(s) for spooles.

 Using up to 1 cpu(s) for the stress calculation.

 average force= 8.185398
 time avg. forc= 4.107985
 largest residual force= 0.000000 in node 5 and dof 3
 largest increment of disp= 1.744612e-02
 largest correction to disp= 1.252551e-06 in node 15 and dof 2

 no convergence

 iteration 2

 Using up to 1 cpu(s) for the symmetric stiffness/mass contributions.

 Factoring the system of equations using the symmetric spooles solver
 Using up to 1 cpu(s) for spooles.

 Using up to 1 cpu(s) for the stress calculation.

 average force= 8.185398
 time avg. forc= 4.107985
 largest residual force= 0.000000 in node 21 and dof 1
 largest increment of disp= 1.744612e-02
 largest correction to disp= 1.031750e-12 in node 10 and dof 2

 convergence; the increment size is increased to 1.500000e-01

 the increment size exceeds the maximum allowed and is decreased to 1.000000e-01

 Using up to 1 cpu(s) for the stress calculation.

 increment 8 attempt 1 
 increment size= 1.000000e-01
 sum of previous increments=5.750000e-01
 actual step time=6.750000e-01
 actual total time=6.750000e-01

 iteration 1

 Using up to 1 cpu(s) for the stress calculation.

 Using up to 1 cpu(s) for the symmetric stiffness/mass contributions.

 Factoring the system of equations using the symmetric spooles solver
 Using up to 1 cpu(s) for spooles.

 Using up to 1 cpu(s) for the stress calculation.

 average force= 9.622692
 time avg. forc= 4.797323
 largest residual force= 0.000000 in node 8 and dof 3
 largest increment of disp= 1.744623e-02
 largest correction to disp= 1.254110e-06 in node 16 and dof 2

 no convergence

 iteration 2

 Using up to 1 cpu(s) for the symmetric stiffness/mass contributions.

 Factoring the system of equations using the symmetric spooles solver
 Using up to 1 cpu(s) for spooles.

 Using up to 1 cpu(s) for the stress calculation.

 average force= 9.622692
 time avg. forc= 4.797323
 largest residual force= 0.000000 in node 31 and dof 1
 largest increment of disp= 1.744623e-02
 largest correction to disp= 1.032548e-12 in node 12 and dof 2

 convergence; the increment size is increased to 1.500000e-01

 the increment size exceeds the maximum allowed and is decreased to 1.000000e-01

 Using up to 1 cpu(s) for the stress calculation.

 increment 9 attempt 1 
 increment size= 1.000000e-01
 sum of previous increments=6.750000e-01
 actual step time=7.750000e-01
 actual total time=7.750000e-01

 iteration 1

 Using up to 1 cpu(s) for the stress calculation.

 Using up to 1 cpu(s) for the symmetric stiffness/mass contributions.

 Factoring the system of equations using the symmetric spooles solver
 Using up to 1 cpu(s) for spooles.

 Using up to 1 cpu(s) for the stress calculation.

 average force= 11.064066
 time avg. forc= 5.493628
 largest residual force= 0.000000 in node 5 and dof 3
 largest increment of disp= 1.744633e-02
 largest correction to disp= 1.255673e-06 in node 15 and dof 2

 no convergence

 iteration 2

 Using up to 1 cpu(s) for the symmetric stiffness/mass contributions.

 Factoring the system of equations using the symmetric spooles solver
 Using up to 1 cpu(s) for spooles.

 Using up to 1 cpu(s) for the stress calculation.

 average force= 11.064066
 time avg. forc= 5.493628
 largest residual force= 0.000000 in node 31 and dof 1
 largest increment of disp= 1.744633e-02
 largest correction to disp= 1.033333e-12 in node 10 and dof 2

 convergence; the increment size is increased to 1.500000e-01

 the increment size exceeds the maximum allowed and is decreased to 1.000000e-01

 Using up to 1 cpu(s) for the stress calculation.

 increment 10 attempt 1 
 increment size= 1.000000e-01
 sum of previous increments=7.750000e-01
 actual step time=8.750000e-01
 actual total time=8.750000e-01

 iteration 1

 Using up to 1 cpu(s) for the stress calculation.

 Using up to 1 cpu(s) for the symmetric stiffness/mass contributions.

 Factoring the system of equations using the symmetric spooles solver
 Using up to 1 cpu(s) for spooles.

 Using up to 1 cpu(s) for the stress calculation.

 average force= 12.509525
 time avg. forc= 6.195218
 largest residual force= 0.000000 in node 6 and dof 3
 largest increment of disp= 1.744643e-02
 largest correction to disp= 1.257238e-06 in node 14 and dof 2

 no convergence

 iteration 2

 Using up to 1 cpu(s) for the symmetric stiffness/mass contributions.

 Factoring the system of equations using the symmetric spooles solver
 Using up to 1 cpu(s) for spooles.

 Using up to 1 cpu(s) for the stress calculation.

 average force= 12.509525
 time avg. forc= 6.195218
 largest residual force= 0.000000 in node 23 and dof 1
 largest increment of disp= 1.744643e-02
 largest correction to disp= 1.034158e-12 in node 9 and dof 2

 convergence; the increment size is increased to 1.500000e-01

 the increment size exceeds the maximum allowed and is decreased to 1.000000e-01

 Using up to 1 cpu(s) for the stress calculation.

 increment 11 attempt 1 
 increment size= 1.000000e-01
 sum of previous increments=8.750000e-01
 actual step time=9.750000e-01
 actual total time=9.750000e-01

 iteration 1

 Using up to 1 cpu(s) for the stress calculation.

 Using up to 1 cpu(s) for the symmetric stiffness/mass contributions.

 Factoring the system of equations using the symmetric spooles solver
 Using up to 1 cpu(s) for spooles.

 Using up to 1 cpu(s) for the stress calculation.

 average force= 13.959072
 time avg. forc= 6.901022
 largest residual force= 0.000000 in node 8 and dof 3
 largest increment of disp= 1.744653e-02
 largest correction to disp= 1.258805e-06 in node 14 and dof 2

 no convergence

 iteration 2

 Using up to 1 cpu(s) for the symmetric stiffness/mass contributions.

 Factoring the system of equations using the symmetric spooles solver
 Using up to 1 cpu(s) for spooles.

 Using up to 1 cpu(s) for the stress calculation.

 average force= 13.959072
 time avg. forc= 6.901022
 largest residual force= 0.000000 in node 25 and dof 1
 largest increment of disp= 1.744653e-02
 largest correction to disp= 1.034901e-12 in node 11 and dof 2

 convergence; the increment size is increased to 1.500000e-01

 the increment size exceeds the maximum allowed and is decreased to 1.000000e-01

 the increment size exceeds the remainder of the step and is decreased to 2.500000e-02

 Using up to 1 cpu(s) for the stress calculation.

 increment 12 attempt 1 
 increment size= 2.500000e-02
 sum of previous increments=9.750000e-01
 actual step time=1.000000e+00
 actual total time=1.000000e+00

 iteration 1

 Using up to 1 cpu(s) for the stress calculation.

 Using up to 1 cpu(s) for the symmetric stiffness/mass contributions.

 Factoring the system of equations using the symmetric spooles solver
 Using up to 1 cpu(s) for spooles.

 Using up to 1 cpu(s) for the stress calculation.

 average force= 14.322097
 time avg. forc= 7.519445
 largest residual force= 0.000000 in node 6 and dof 3
 largest increment of disp= 4.361657e-03
 largest correction to disp= 1.968725e-07 in node 14 and dof 2

 no convergence

 iteration 2

 Using up to 1 cpu(s) for the symmetric stiffness/mass contributions.

 Factoring the system of equations using the symmetric spooles solver
 Using up to 1 cpu(s) for spooles.

 Using up to 1 cpu(s) for the stress calculation.

 average force= 14.322097
 time avg. forc= 7.519445
 largest residual force= 0.000000 in node 30 and dof 1
 largest increment of disp= 4.361657e-03
 largest correction to disp= 2.531328e-14 in node 10 and dof 2

 convergence; the increment size is increased to 3.750000e-02

 the increment size exceeds the remainder of the step and is decreased to 0.000000e+00

 Using up to 1 cpu(s) for the stress calculation.


 Job finished

________________________________________

Total CalculiX Time: 0.014113
________________________________________
