
************************************************************

CalculiX Version 2.21, Copyright(C) 1998-2023 Guido Dhondt
CalculiX comes with ABSOLUTELY NO WARRANTY. This is free
software, and you are welcome to redistribute it under
certain conditions, see gpl.htm

************************************************************

You are using an executable made on Sat Jul 29 10:52:01 CEST 2023

  The numbers below are estimated upper bounds

  number of:

   nodes:           68
   elements:           16
   one-dimensional elements:            0
   two-dimensional elements:            0
   integration points per element:            8
   degrees of freedom per node:            3
   layers per element:            1

   distributed facial loads:            0
   distributed volumetric loads:            0
   concentrated loads:            0
   single point constraints:           16
   multiple point constraints:            1
   terms in all multiple point constraints:            1
   tie constraints:            0
   dependent nodes tied by cyclic constraints:            0
   dependent nodes in pre-tension constraints:            0

   sets:            3
   terms in all sets:           40

   materials:            1
   constants per material and temperature:            2
   temperature points per material:            1
   plastic data points per material:            0

   orientations:            0
   amplitudes:            1
   data points in all amplitudes:            1
   print requests:            4
   transformations:            0
   property cards:            0


 STEP            1

 *INFO reading *STEP: nonlinear geometric
       effects are turned on

 *WARNING reading *STATIC:
          the minimum increment    1.0000000000000000E-008
          is smaller then 1.e-6 times the 
          step time;
          the minimum increment is changed
          to    9.9999999999999995E-007
          which is the minimum of the initial
          increment time and 1.e-6 times the step time

 Static analysis was selected

 Newton-Raphson iterative procedure is active

 Nonlinear geometric effects are taken into account

 Decascading the MPC's

 Determining the structure of the matrix:
 Using up to 1 cpu(s) for setting up the structure of the matrix.
 number of equations
 188
 number of nonzero lower triangular matrix elements
 3130

 increment 1 attempt 1 
 increment size= 5.000000e-02
 sum of previous increments=0.000000e+00
 actual step time=5.000000e-02
 actual total time=5.000000e-02

 iteration 1

 Using up to 1 cpu(s) for the stress calculation.

 Using up to 1 cpu(s) for the symmetric stiffness/mass contributions.

 Factoring the system of equations using the symmetric spooles solver
 Using up to 1 cpu(s) for spooles.

 Using up to 1 cpu(s) for the stress calculation.

 average force= 0.653087
 time avg. forc= 0.653087
 largest residual force= 0.001554 in node 9 and dof 3
 largest increment of disp= 9.366728e-03
 largest correction to disp= 9.366728e-03 in node 62 and dof 1

 no convergence

 iteration 2

 Using up to 1 cpu(s) for the symmetric stiffness/mass contributions.

 Factoring the system of equations using the symmetric spooles solver
 Using up to 1 cpu(s) for spooles.

 Using up to 1 cpu(s) for the stress calculation.

 average force= 0.652728
 time avg. forc= 0.652728
 largest residual force= 0.000000 in node 7 and dof 3
 largest increment of disp= 9.366728e-03
 largest correction to disp= 1.557328e-07 in node 66 and dof 2

 convergence

 Using up to 1 cpu(s) for the stress calculation.

 increment 2 attempt 1 
 increment size= 5.000000e-02
 sum of previous increments=5.000000e-02
 actual step time=1.000000e-01
 actual total time=1.000000e-01

 iteration 1

 Using up to 1 cpu(s) for the stress calculation.

 Using up to 1 cpu(s) for the symmetric stiffness/mass contributions.

 Factoring the system of equations using the symmetric spooles solver
 Using up to 1 cpu(s) for spooles.

 Using up to 1 cpu(s) for the stress calculation.

 average force= 1.306438
 time avg. forc= 0.979583
 largest residual force= 0.000000 in node 6 and dof 3
 largest increment of disp= 9.366730e-03
 largest correction to disp= 3.115866e-07 in node 65 and dof 2

 no convergence

 iteration 2

 Using up to 1 cpu(s) for the symmetric stiffness/mass contributions.

 Factoring the system of equations using the symmetric spooles solver
 Using up to 1 cpu(s) for spooles.

 Using up to 1 cpu(s) for the stress calculation.

 average force= 1.306438
 time avg. forc= 0.979583
 largest residual force= 0.000000 in node 55 and dof 1
 largest increment of disp= 9.366730e-03
 largest correction to disp= 7.112749e-14 in node 5 and dof 2

 convergence; the increment size is increased to 7.500000e-02

 Using up to 1 cpu(s) for the stress calculation.

 increment 3 attempt 1 
 increment size= 7.500000e-02
 sum of previous increments=1.000000e-01
 actual step time=1.750000e-01
 actual total time=1.750000e-01

 iteration 1

 Using up to 1 cpu(s) for the stress calculation.

 Using up to 1 cpu(s) for the symmetric stiffness/mass contributions.

 Factoring the system of equations using the symmetric spooles solver
 Using up to 1 cpu(s) for spooles.

 Using up to 1 cpu(s) for the stress calculation.

 average force= 2.288841
 time avg. forc= 1.416003
 largest residual force= 0.000000 in node 6 and dof 3
 largest increment of disp= 1.405010e-02
 largest correction to disp= 5.846221e-07 in node 67 and dof 2

 no convergence

 iteration 2

 Using up to 1 cpu(s) for the symmetric stiffness/mass contributions.

 Factoring the system of equations using the symmetric spooles solver
 Using up to 1 cpu(s) for spooles.

 Using up to 1 cpu(s) for the stress calculation.

 average force= 2.288841
 time avg. forc= 1.416003
 largest residual force= 0.000000 in node 55 and dof 1
 largest increment of disp= 1.405010e-02
 largest correction to disp= 2.501807e-13 in node 6 and dof 2

 convergence; the increment size is increased to 1.125000e-01

 the increment size exceeds the maximum allowed and is decreased to 1.000000e-01

 Using up to 1 cpu(s) for the stress calculation.

 increment 4 attempt 1 
 increment size= 1.000000e-01
 sum of previous increments=1.750000e-01
 actual step time=2.750000e-01
 actual total time=2.750000e-01

 iteration 1

 Using up to 1 cpu(s) for the stress calculation.

 Using up to 1 cpu(s) for the symmetric stiffness/mass contributions.

 Factoring the system of equations using the symmetric spooles solver
 Using up to 1 cpu(s) for spooles.

 Using up to 1 cpu(s) for the stress calculation.

 average force= 3.602150
 time avg. forc= 1.962539
 largest residual force= 0.000000 in node 8 and dof 3
 largest increment of disp= 1.873348e-02
 largest correction to disp= 1.092250e-06 in node 68 and dof 2

 no convergence

 iteration 2

 Using up to 1 cpu(s) for the symmetric stiffness/mass contributions.

 Factoring the system of equations using the symmetric spooles solver
 Using up to 1 cpu(s) for spooles.

 Using up to 1 cpu(s) for the stress calculation.

 average force= 3.602150
 time avg. forc= 1.962539
 largest residual force= 0.000000 in node 63 and dof 1
 largest increment of disp= 1.873348e-02
 largest correction to disp= 8.722487e-13 in node 6 and dof 2

 convergence; the increment size is increased to 1.500000e-01

 the increment size exceeds the maximum allowed and is decreased to 1.000000e-01

 Using up to 1 cpu(s) for the stress calculation.

 increment 5 attempt 1 
 increment size= 1.000000e-01
 sum of previous increments=2.750000e-01
 actual step time=3.750000e-01
 actual total time=3.750000e-01

 iteration 1

 Using up to 1 cpu(s) for the stress calculation.

 Using up to 1 cpu(s) for the symmetric stiffness/mass contributions.

 Factoring the system of equations using the symmetric spooles solver
 Using up to 1 cpu(s) for spooles.

 Using up to 1 cpu(s) for the stress calculation.

 average force= 4.919391
 time avg. forc= 2.553910
 largest residual force= 0.000000 in node 5 and dof 3
 largest increment of disp= 1.873349e-02
 largest correction to disp= 1.249623e-06 in node 65 and dof 2

 no convergence

 iteration 2

 Using up to 1 cpu(s) for the symmetric stiffness/mass contributions.

 Factoring the system of equations using the symmetric spooles solver
 Using up to 1 cpu(s) for spooles.

 Using up to 1 cpu(s) for the stress calculation.

 average force= 4.919391
 time avg. forc= 2.553910
 largest residual force= 0.000000 in node 61 and dof 1
 largest increment of disp= 1.873349e-02
 largest correction to disp= 1.140464e-12 in node 8 and dof 2

 convergence; the increment size is increased to 1.500000e-01

 the increment size exceeds the maximum allowed and is decreased to 1.000000e-01

 Using up to 1 cpu(s) for the stress calculation.

 increment 6 attempt 1 
 increment size= 1.000000e-01
 sum of previous increments=3.750000e-01
 actual step time=4.750000e-01
 actual total time=4.750000e-01

 iteration 1

 Using up to 1 cpu(s) for the stress calculation.

 Using up to 1 cpu(s) for the symmetric stiffness/mass contributions.

 Factoring the system of equations using the symmetric spooles solver
 Using up to 1 cpu(s) for spooles.

 Using up to 1 cpu(s) for the stress calculation.

 average force= 6.240568
 time avg. forc= 3.168353
 largest residual force= 0.000000 in node 7 and dof 3
 largest increment of disp= 1.873350e-02
 largest correction to disp= 1.251086e-06 in node 67 and dof 2

 no convergence

 iteration 2

 Using up to 1 cpu(s) for the symmetric stiffness/mass contributions.

 Factoring the system of equations using the symmetric spooles solver
 Using up to 1 cpu(s) for spooles.

 Using up to 1 cpu(s) for the stress calculation.

 average force= 6.240568
 time avg. forc= 3.168353
 largest residual force= 0.000000 in node 46 and dof 1
 largest increment of disp= 1.873350e-02
 largest correction to disp= 1.141945e-12 in node 7 and dof 2

 convergence; the increment size is increased to 1.500000e-01

 the increment size exceeds the maximum allowed and is decreased to 1.000000e-01

 Using up to 1 cpu(s) for the stress calculation.

 increment 7 attempt 1 
 increment size= 1.000000e-01
 sum of previous increments=4.750000e-01
 actual step time=5.750000e-01
 actual total time=5.750000e-01

 iteration 1

 Using up to 1 cpu(s) for the stress calculation.

 Using up to 1 cpu(s) for the symmetric stiffness/mass contributions.

 Factoring the system of equations using the symmetric spooles solver
 Using up to 1 cpu(s) for spooles.

 Using up to 1 cpu(s) for the stress calculation.

 average force= 7.565684
 time avg. forc= 3.796543
 largest residual force= 0.000000 in node 6 and dof 3
 largest increment of disp= 1.873352e-02
 largest correction to disp= 1.252552e-06 in node 66 and dof 2

 no convergence

 iteration 2

 Using up to 1 cpu(s) for the symmetric stiffness/mass contributions.

 Factoring the system of equations using the symmetric spooles solver
 Using up to 1 cpu(s) for spooles.

 Using up to 1 cpu(s) for the stress calculation.

 average force= 7.565684
 time avg. forc= 3.796543
 largest residual force= 0.000000 in node 55 and dof 1
 largest increment of disp= 1.873352e-02
 largest correction to disp= 1.143427e-12 in node 8 and dof 2

 convergence; the increment size is increased to 1.500000e-01

 the increment size exceeds the maximum allowed and is decreased to 1.000000e-01

 Using up to 1 cpu(s) for the stress calculation.

 increment 8 attempt 1 
 increment size= 1.000000e-01
 sum of previous increments=5.750000e-01
 actual step time=6.750000e-01
 actual total time=6.750000e-01

 iteration 1

 Using up to 1 cpu(s) for the stress calculation.

 Using up to 1 cpu(s) for the symmetric stiffness/mass contributions.

 Factoring the system of equations using the symmetric spooles solver
 Using up to 1 cpu(s) for spooles.

 Using up to 1 cpu(s) for the stress calculation.

 average force= 8.894744
 time avg. forc= 4.433818
 largest residual force= 0.000000 in node 6 and dof 3
 largest increment of disp= 1.873353e-02
 largest correction to disp= 1.254022e-06 in node 68 and dof 2

 no convergence

 iteration 2

 Using up to 1 cpu(s) for the symmetric stiffness/mass contributions.

 Factoring the system of equations using the symmetric spooles solver
 Using up to 1 cpu(s) for spooles.

 Using up to 1 cpu(s) for the stress calculation.

 average force= 8.894744
 time avg. forc= 4.433818
 largest residual force= 0.000000 in node 64 and dof 1
 largest increment of disp= 1.873353e-02
 largest correction to disp= 1.144913e-12 in node 7 and dof 2

 convergence; the increment size is increased to 1.500000e-01

 the increment size exceeds the maximum allowed and is decreased to 1.000000e-01

 Using up to 1 cpu(s) for the stress calculation.

 increment 9 attempt 1 
 increment size= 1.000000e-01
 sum of previous increments=6.750000e-01
 actual step time=7.750000e-01
 actual total time=7.750000e-01

 iteration 1

 Using up to 1 cpu(s) for the stress calculation.

 Using up to 1 cpu(s) for the symmetric stiffness/mass contributions.

 Factoring the system of equations using the symmetric spooles solver
 Using up to 1 cpu(s) for spooles.

 Using up to 1 cpu(s) for the stress calculation.

 average force= 10.227752
 time avg. forc= 5.077589
 largest residual force= 0.000000 in node 8 and dof 3
 largest increment of disp= 1.873355e-02
 largest correction to disp= 1.255495e-06 in node 65 and dof 2

 no convergence

 iteration 2

 Using up to 1 cpu(s) for the symmetric stiffness/mass contributions.

 Factoring the system of equations using the symmetric spooles solver
 Using up to 1 cpu(s) for spooles.

 Using up to 1 cpu(s) for the stress calculation.

 average force= 10.227752
 time avg. forc= 5.077589
 largest residual force= 0.000000 in node 30 and dof 1
 largest increment of disp= 1.873355e-02
 largest correction to disp= 1.146402e-12 in node 8 and dof 2

 convergence; the increment size is increased to 1.500000e-01

 the increment size exceeds the maximum allowed and is decreased to 1.000000e-01

 Using up to 1 cpu(s) for the stress calculation.

 increment 10 attempt 1 
 increment size= 1.000000e-01
 sum of previous increments=7.750000e-01
 actual step time=8.750000e-01
 actual total time=8.750000e-01

 iteration 1

 Using up to 1 cpu(s) for the stress calculation.

 Using up to 1 cpu(s) for the symmetric stiffness/mass contributions.

 Factoring the system of equations using the symmetric spooles solver
 Using up to 1 cpu(s) for spooles.

 Using up to 1 cpu(s) for the stress calculation.

 average force= 11.564712
 time avg. forc= 5.726301
 largest residual force= 0.000000 in node 6 and dof 3
 largest increment of disp= 1.873356e-02
 largest correction to disp= 1.256973e-06 in node 65 and dof 2

 no convergence

 iteration 2

 Using up to 1 cpu(s) for the symmetric stiffness/mass contributions.

 Factoring the system of equations using the symmetric spooles solver
 Using up to 1 cpu(s) for spooles.

 Using up to 1 cpu(s) for the stress calculation.

 average force= 11.564712
 time avg. forc= 5.726301
 largest residual force= 0.000000 in node 53 and dof 1
 largest increment of disp= 1.873356e-02
 largest correction to disp= 1.147901e-12 in node 5 and dof 2

 convergence; the increment size is increased to 1.500000e-01

 the increment size exceeds the maximum allowed and is decreased to 1.000000e-01

 Using up to 1 cpu(s) for the stress calculation.

 increment 11 attempt 1 
 increment size= 1.000000e-01
 sum of previous increments=8.750000e-01
 actual step time=9.750000e-01
 actual total time=9.750000e-01

 iteration 1

 Using up to 1 cpu(s) for the stress calculation.

 Using up to 1 cpu(s) for the symmetric stiffness/mass contributions.

 Factoring the system of equations using the symmetric spooles solver
 Using up to 1 cpu(s) for spooles.

 Using up to 1 cpu(s) for the stress calculation.

 average force= 12.905627
 time avg. forc= 6.378967
 largest residual force= 0.000000 in node 5 and dof 3
 largest increment of disp= 1.873358e-02
 largest correction to disp= 1.258454e-06 in node 66 and dof 2

 no convergence

 iteration 2

 Using up to 1 cpu(s) for the symmetric stiffness/mass contributions.

 Factoring the system of equations using the symmetric spooles solver
 Using up to 1 cpu(s) for spooles.

 Using up to 1 cpu(s) for the stress calculation.

 average force= 12.905627
 time avg. forc= 6.378967
 largest residual force= 0.000000 in node 58 and dof 1
 largest increment of disp= 1.873358e-02
 largest correction to disp= 1.149408e-12 in node 7 and dof 2

 convergence; the increment size is increased to 1.500000e-01

 the increment size exceeds the maximum allowed and is decreased to 1.000000e-01

 the increment size exceeds the remainder of the step and is decreased to 2.500000e-02

 Using up to 1 cpu(s) for the stress calculation.

 increment 12 attempt 1 
 increment size= 2.500000e-02
 sum of previous increments=9.750000e-01
 actual step time=1.000000e+00
 actual total time=1.000000e+00

 iteration 1

 Using up to 1 cpu(s) for the stress calculation.

 Using up to 1 cpu(s) for the symmetric stiffness/mass contributions.

 Factoring the system of equations using the symmetric spooles solver
 Using up to 1 cpu(s) for spooles.

 Using up to 1 cpu(s) for the stress calculation.

 average force= 13.241474
 time avg. forc= 6.950843
 largest residual force= 0.000000 in node 8 and dof 3
 largest increment of disp= 4.683397e-03
 largest correction to disp= 1.968075e-07 in node 67 and dof 2

 no convergence

 iteration 2

 Using up to 1 cpu(s) for the symmetric stiffness/mass contributions.

 Factoring the system of equations using the symmetric spooles solver
 Using up to 1 cpu(s) for spooles.

 Using up to 1 cpu(s) for the stress calculation.

 average force= 13.241474
 time avg. forc= 6.950843
 largest residual force= 0.000000 in node 57 and dof 1
 largest increment of disp= 4.683397e-03
 largest correction to disp= 2.811151e-14 in node 6 and dof 2

 convergence; the increment size is increased to 3.750000e-02

 the increment size exceeds the remainder of the step and is decreased to 0.000000e+00

 Using up to 1 cpu(s) for the stress calculation.


 Job finished

________________________________________

Total CalculiX Time: 0.023081
________________________________________
