    1C
    1UPLA uncalibrated coupon sensitivity                               
    1UUSER                                                              
    1UDATE              21.september.2026                               
    1UTIME              12:09:04                                        
    1UHOST                                                              
    1UPGM               CalculiX                                        
    1UVERSION           Version 2.21                             
    1UCOMPILETIME       Sat Jul 29 10:52:01 CEST 2023                    
    1UDIR                                                               
    1UDBN                                                               
    1UMAT    1PLA                                                       
    2C                            20                                     1
 -1         1 0.00000E+00 0.00000E+00 0.00000E+00
 -1         2 0.00000E+00 5.00000E+00 0.00000E+00
 -1         3 0.00000E+00 5.00000E+00 1.00000E+00
 -1         4 0.00000E+00 0.00000E+00 1.00000E+00
 -1         5 5.00000E+00 0.00000E+00 0.00000E+00
 -1         6 5.00000E+00 5.00000E+00 0.00000E+00
 -1         7 5.00000E+00 5.00000E+00 1.00000E+00
 -1         8 5.00000E+00 0.00000E+00 1.00000E+00
 -1         9 1.00000E+01 0.00000E+00 0.00000E+00
 -1        10 1.00000E+01 5.00000E+00 0.00000E+00
 -1        11 1.00000E+01 5.00000E+00 1.00000E+00
 -1        12 1.00000E+01 0.00000E+00 1.00000E+00
 -1        13 1.50000E+01 0.00000E+00 0.00000E+00
 -1        14 1.50000E+01 5.00000E+00 0.00000E+00
 -1        15 1.50000E+01 5.00000E+00 1.00000E+00
 -1        16 1.50000E+01 0.00000E+00 1.00000E+00
 -1        17 2.00000E+01 0.00000E+00 0.00000E+00
 -1        18 2.00000E+01 5.00000E+00 0.00000E+00
 -1        19 2.00000E+01 5.00000E+00 1.00000E+00
 -1        20 2.00000E+01 0.00000E+00 1.00000E+00
 -3
    3C                             4                                     1
 -1         1    1    0    1
 -2         1         5         6         2         4         8         7         3
 -1         2    1    0    1
 -2         5         9        10         6         8        12        11         7
 -1         3    1    0    1
 -2         9        13        14        10        12        16        15        11
 -1         4    1    0    1
 -2        13        17        18        14        16        20        19        15
 -3
 9999
