Starting kit application with the following args:  ['/home/monad/env_isaacsim-c22/lib/python3.12/site-packages/isaacsim/exts/isaacsim.simulation_app/isaacsim/simulation_app/simulation_app.py', '/home/monad/env_isaacsim-c22/lib/python3.12/site-packages/isaacsim/apps/isaacsim.exp.base.python.kit', '--/app/tokens/exe-path=/home/monad/env_isaacsim-c22/lib/python3.12/site-packages/isaacsim/kit', '--/persistent/app/viewport/displayOptions=3094', '--/rtx/materialDb/syncLoads=True', '--/rtx/hydra/materialSyncLoads=True', '--/omni/kit/plugin/syncUsdLoads=True', '--/app/renderer/resolution/width=1280', '--/app/renderer/resolution/height=720', '--/app/window/width=1440', '--/app/window/height=900', '--/renderer/multiGpu/enabled=True', '--/app/fastShutdown=True', '--/app/installSignalHandlers=0', '--ext-folder', '/home/monad/env_isaacsim-c22/lib/python3.12/site-packages/isaacsim/exts', '--ext-folder', '/home/monad/env_isaacsim-c22/lib/python3.12/site-packages/isaacsim/apps', '--/physics/cudaDevice=0', '--/plugins/carb.tasking.plugin/threadCount=16', '--/plugins/omni.tbb.globalcontrol/maxThreadCount=16', '--portable', '--no-window', '--/app/window/hideUi=1']
Passing the following args to the base kit application:  ['--child', '--control', 'support', '--dt', '0.0025']
2026-09-21T14:28:40Z [Info] [carb] Logging to file: /home/monad/env_isaacsim-c22/lib/python3.12/site-packages/isaacsim/kit/logs/Kit/Isaac-Sim Python/6.1/kit_20260921_232840.log
[0.053s] [ext: omni.assets.plugins-0.0.0] startup
[0.054s] [ext: omni.blobkey-1.1.2] startup
[0.054s] [ext: omni.kit.async_engine-0.0.3] startup
[0.121s] [ext: omni.client.lib-1.1.1] startup
[0.129s] [ext: omni.client-1.3.0] startup
[0.132s] [ext: omni.protobuf.lib-1.0.1] startup
[0.132s] [ext: omni.grpc.lib-1.0.0] startup
[0.137s] [ext: omni.metrics.core-0.0.3] startup
[0.137s] [ext: omni.datastore-0.0.0] startup
[0.137s] [ext: omni.gpu_foundation.shadercache.vulkan-1.0.0] startup
[0.139s] [ext: omni.hsscclient-1.1.4] startup
[0.140s] [ext: omni.stats-1.0.1] startup
[0.140s] [ext: omni.ujitso.default-1.0.0] startup
[0.142s] [ext: omni.gpu_foundation-0.0.0] startup
[0.288s] [ext: carb.windowing.plugins-1.0.1] startup
[0.289s] [ext: omni.kit.renderer.init-1.0.1] startup
2026-09-21T14:28:40Z [284ms] [Warning] [omni.platforminfo.plugin] failed to open the default display.  Can't verify X Server version.
2026-09-21T14:28:41Z [553ms] [Warning] [omni.rtx] Skipping unsupported non-NVIDIA GPU: AMD Ryzen 7 9700X 8-Core Processor (RADV RAPHAEL_MENDOCINO)
2026-09-21T14:28:41Z [553ms] [Warning] [omni.rtx] Skipping unsupported non-NVIDIA GPU: AMD Ryzen 7 9700X 8-Core Processor (RADV RAPHAEL_MENDOCINO)

|---------------------------------------------------------------------------------------------|
| Driver Version: 595.84        | Graphics API: Vulkan
|=============================================================================================|
| GPU | Name                             | Active | LDA | GPU Memory | Vendor-ID | LUID       |
|     |                                  |        |     |            | Device-ID | UUID       |
|     |                                  |        |     |            | Bus-ID    |            |
|---------------------------------------------------------------------------------------------|
| 0   | NVIDIA GeForce RTX 3080          | Yes: 0 |     | 10240   MB | 10de      | 0          |
|     |                                  |        |     |            | 2206      | 24d4b5c1.. |
|     |                                  |        |     |            | 1         |            |
|---------------------------------------------------------------------------------------------|
| 1   | AMD Ryzen 7 9700X 8-Core Proce.. |        |     | 10737   MB | 1002      | 0          |
|     |                                  |        |     |            | 13c0      | 00000000.. |
|     |                                  |        |     |            | 11        |            |
|=============================================================================================|
| OS: 24.04.4 LTS (Noble Numbat) ubuntu, Version: 24.04.4, Kernel: 7.0.0-31-generic
| Processor: AMD Ryzen 7 9700X 8-Core Processor
| Cores: 8 | Logical Cores: 16
|---------------------------------------------------------------------------------------------|
| Total Memory (MB): 31187 | Free Memory: 16350
| Total Page/Swap (MB): 15258 | Free Page/Swap: 4246
|---------------------------------------------------------------------------------------------|
2026-09-21T14:28:41Z [764ms] [Warning] [omni.rtx] PCIe link width current (8) and maximum (16) for device 0 don't match.
2026-09-21T14:28:41Z [765ms] [Warning] [omni.rtx] IOMMU is enabled.
[0.896s] [ext: omni.kit.pipapi-0.0.0] startup
[0.897s] [ext: omni.kit.telemetry-0.5.2] startup
[0.920s] [ext: omni.kit.loop-isaac-1.6.2] startup
[0.921s] [ext: omni.kit.test-2.1.1] startup
[0.956s] [ext: omni.materialx.libs-1.0.9] startup
[0.962s] [ext: omni.gpucompute.plugins-0.0.0] startup
[0.962s] [ext: omni.usd.config-1.0.8] startup
[0.964s] [ext: omni.usd.libs-1.0.3] startup
[1.028s] [ext: omni.iray.libs-0.0.1] startup
[1.031s] [ext: omni.mdl-57.0.6] startup
[1.074s] [ext: omni.mdl.neuraylib-0.2.22] startup
[1.076s] [ext: omni.kit.usd.mdl-1.1.11] startup
[1.154s] [ext: omni.appwindow-1.2.2] startup
[1.155s] [ext: omni.kit.renderer.core-1.3.1] startup
2026-09-21T14:28:41Z [1,136ms] [Warning] [carb.windowing-glfw.plugin] GLFW initialization failed.
2026-09-21T14:28:41Z [1,136ms] [Warning] [carb] Failed to startup plugin carb.windowing-glfw.plugin (interfaces: [carb::windowing::IGLContext v1.0],[carb::windowing::IWindowing v1.5]) (impl: carb.windowing-glfw.plugin)
[1.176s] [ext: omni.kit.renderer.capture-2.0.1] startup
[1.179s] [ext: omni.kit.renderer.imgui-2.1.0] startup
2026-09-21T14:28:41Z [1,151ms] [Warning] [carb.windowing-glfw.plugin] GLFW initialization failed.
2026-09-21T14:28:41Z [1,151ms] [Warning] [carb] Failed to startup plugin carb.windowing-glfw.plugin (interfaces: [carb::windowing::IGLContext v1.0],[carb::windowing::IWindowing v1.5]) (impl: carb.windowing-glfw.plugin)
2026-09-21T14:28:41Z [1,152ms] [Warning] [carb.windowing-glfw.plugin] GLFW initialization failed.
2026-09-21T14:28:41Z [1,152ms] [Warning] [carb] Failed to startup plugin carb.windowing-glfw.plugin (interfaces: [carb::windowing::IGLContext v1.0],[carb::windowing::IWindowing v1.5]) (impl: carb.windowing-glfw.plugin)
[1.220s] [ext: omni.ui-3.3.1] startup
[1.227s] [ext: omni.kit.mainwindow-1.0.4] startup
[1.227s] [ext: carb.audio-0.1.0] startup
[1.230s] [ext: omni.uiaudio-1.0.0] startup
[1.230s] [ext: omni.kit.uiapp-0.0.0] startup
[1.230s] [ext: omni.usd.schema.metrics.assembler-110.1.0] startup
[1.232s] [ext: omni.usd.schema.audio-0.0.1] startup
[1.234s] [ext: omni.usd_resolver-1.0.0] startup
[1.236s] [ext: omni.usd.core-1.10.10] startup
[1.239s] [ext: omni.metropolis.schema-0.0.3] startup
[1.239s] [ext: isaacsim.anim.robot.schema-0.1.1] startup
[1.240s] [ext: isaacsim.common-6.2.0] startup
[1.241s] [ext: omni.usd.schema.anim-0.0.1] startup
[1.252s] [ext: omni.usd.schema.geospatial-0.0.1] startup
[1.254s] [ext: omni.usd.schema.omnigraph-1.0.1] startup
[1.258s] [ext: omni.usd.schema.semantics-0.0.0] startup
[1.259s] [ext: omni.activity.core-1.0.4] startup
[1.260s] [ext: omni.cubric-0.1.0] startup
[1.261s] [ext: omni.graph.exec-0.9.6] startup
[1.261s] [ext: omni.hydra.scene_delegate-0.3.5] startup
[1.263s] [ext: usdrt.scenegraph-7.6.3] startup
[1.280s] [ext: omni.hydra.usdrt_delegate-7.5.2] startup
[1.284s] [ext: omni.inspect-1.0.2] startup
[1.285s] [ext: omni.kit.actions.core-1.2.0] startup
[1.287s] [ext: omni.kit.audiodeviceenum-1.0.2] startup
[1.288s] [ext: omni.kit.commands-1.5.0] startup
[1.290s] [ext: omni.kit.exec.core-0.13.6] startup
[1.291s] [ext: omni.kit.usd_undo-0.1.8] startup
[1.291s] [ext: omni.kit.window.popup_dialog-2.0.26] startup
[1.293s] [ext: omni.kit.widget.connection_manager-1.0.3] startup
[1.297s] [ext: omni.timeline-1.1.0] startup
[1.298s] [ext: omni.usd-1.18.0] startup
[1.334s] [ext: omni.graph.core-3.1.5] startup
[1.337s] [ext: omni.kit.notification_manager-1.0.16] startup
[1.339s] [ext: isaacsim.core.deprecation_manager-0.4.4] startup
[1.339s] [ext: isaacsim.replicator.agent.schema-0.1.1] startup
[1.340s] [ext: isaacsim.robot.schema-7.0.2] startup
[1.343s] [ext: isaacsim.robot_motion.schema-0.2.2] startup
[1.343s] [ext: omni.anim.behavior.schema-110.3.0] startup
[1.346s] [ext: omni.anim.graph.schema-110.3.0] startup
[1.350s] [ext: omni.anim.navigation.schema-110.3.0] startup
[1.352s] [ext: omni.behavior.tree.schema-110.3.0] startup
[1.353s] [ext: omni.kit.asset_converter-6.0.5] startup
2026-09-21T14:28:41Z [1,324ms] [Warning] [asset_converter_native_bindings._bootstrap] A different OpenUSD (pxr) build was already imported from /home/monad/env_isaacsim-c22/lib/python3.12/site-packages/isaacsim/extscache/omni.anim.behavior.schema-110.3.0+110.3.0.lx64.r.cp312.u7f4/pxr before usd-convert-asset loaded. The host pxr bindings will remain in use rather than reloading the bundled OpenUSD at /home/monad/env_isaacsim-c22/lib/python3.12/site-packages/isaacsim/extscache/omni.kit.asset_converter-6.0.5+110.1.1.lx64.r.cp312.u7f4/asset_converter_native_bindings/libs/lib/python/pxr, /home/monad/env_isaacsim-c22/lib/python3.12/site-packages/isaacsim/extscache/omni.kit.asset_converter-6.0.5+110.1.1.lx64.r.cp312.u7f4/asset_converter_native_bindings/libs/python/pxr. Mixing USD builds in one process can cause ABI and singleton conflicts; prefer importing usd_convert_asset first, or run the converter in a separate process/venv when mixing unrelated USD builds.
[1.362s] [ext: omni.usd.schema.flow-110.0.0] startup
[1.362s] [ext: omni.usd.schema.newton-1.4.0] startup
[1.363s] [ext: omni.usd.schema.mujoco-1.1.4] startup
[1.363s] [ext: omni.usd.schema.omni_dome_light-1.0.0] startup
[1.364s] [ext: omni.usd.schema.omni_lens_distortion-1.0.0] startup
[1.364s] [ext: omni.usd.schema.omni_projectors-1.0.0] startup
[1.365s] [ext: omni.usd.schema.omni_sensors-0.0.0] startup
[1.370s] [ext: omni.usd.schema.omniscripting-1.0.1] startup
[1.373s] [ext: omni.usd.schema.physical_lighting-0.1.0] startup
[1.376s] [ext: omni.usd.schema.physx-110.3.2] startup
[1.396s] [ext: omni.usd.schema.render_settings.rtx-1.0.3] startup
[1.398s] [ext: omni.usd.schema.usd_particle_field-1.0.0] startup
[1.399s] [ext: isaacsim.core.version-2.2.1] startup
[1.400s] [ext: omni.kit.menu.core-1.3.0] startup
[1.401s] [ext: omni.kit.menu.utils-2.2.8] startup
[1.405s] [ext: isaacsim.app.about-2.3.2] startup
[1.408s] [ext: isaacsim.asset.transformer-6.1.0] startup
[1.410s] [ext: omni.scene.optimizer.core-110.2.1] startup
[1.444s] [ext: isaacsim.asset.importer.utils-1.9.1] startup
[1.445s] [ext: omni.convexdecomposition-110.3.2] startup
[1.447s] [ext: omni.physics-110.3.2] startup
[1.450s] [ext: omni.physx.gpu-110.3.2] startup
[1.450s] [ext: omni.physx.foundation-110.3.2] startup
[1.451s] [ext: omni.usdphysics-110.3.2] startup
[1.453s] [ext: omni.physx.cooking-110.3.2] startup
[1.454s] [ext: omni.physx-110.3.2] startup
[1.461s] [ext: omni.physics.physx-110.3.2] startup
[1.462s] [ext: isaacsim.asset.exporter.urdf-2.2.6] startup
[1.468s] [ext: omni.kit.clipboard-1.1.1] startup
[1.468s] [ext: omni.kit.usd.layers-2.7.2] startup
[1.473s] [ext: omni.kit.widget.context_menu-1.5.0] startup
[1.475s] [ext: omni.kit.context_menu-1.10.0] startup
[1.475s] [ext: omni.kit.helper.file_utils-0.1.10] startup
[1.476s] [ext: omni.kit.widget.nucleus_info-2.0.2] startup
[1.477s] [ext: omni.kit.search_core-1.0.8] startup
[1.477s] [ext: omni.kit.widget.path_field-2.0.13] startup
[1.478s] [ext: omni.kit.widget.browser_bar-2.0.11] startup
[1.478s] [ext: omni.kit.widget.filebrowser-2.14.0] startup
[1.481s] [ext: omni.kit.widget.nucleus_connector-2.4.0] startup
[1.481s] [ext: omni.kit.widget.options_menu-1.1.7] startup
[1.482s] [ext: omni.kit.widget.options_button-1.0.3] startup
[1.483s] [ext: omni.kit.widget.search_delegate-1.0.10] startup
[1.483s] [ext: omni.ui.scene-2.0.4] startup
[1.486s] [ext: omni.kit.window.filepicker-3.0.14] startup
[1.495s] [ext: omni.kit.window.file_importer-1.1.22] startup
[1.496s] [ext: omni.kit.material.library-3.1.7] startup
[1.500s] [ext: isaacsim.asset.transformer.rules-1.7.18] startup
[1.506s] [ext: omni.usdex.libs-2.3.0] startup
[1.512s] [ext: isaacsim.asset.importer.mjcf-3.12.1] startup
[1.513s] [ext: omni.kit.primitive.mesh-1.1.1] startup
[1.514s] [ext: omni.kit.stage_template.core-1.1.23] startup
[1.515s] [ext: omni.kit.stage_templates-2.0.3] startup
[1.516s] [ext: omni.usd.metrics.assembler-110.1.2] startup
[1.518s] [ext: omni.warp.core-1.16.0] startup
[1.627s] [ext: isaacsim.core.experimental.utils-0.23.0] startup
[1.627s] [ext: isaacsim.asset.importer.urdf-3.11.10] startup
[1.630s] [ext: omni.physics.stageupdate-110.3.2] startup
[1.631s] [ext: omni.physics.tensors-110.3.2] startup
[1.634s] [ext: omni.physx.tensors-110.3.2] startup
[1.637s] [ext: isaacsim.core.simulation_manager-1.17.1] startup
[1.645s] [ext: isaacsim.storage.native-1.11.0] startup
[1.646s] [ext: omni.usd.metrics.assembler.physics-110.3.2] startup
[1.647s] [ext: isaacsim.core.utils-4.1.9] startup
[1.649s] [ext: isaacsim.core.prims-0.11.7] startup
[2.394s] [ext: isaacsim.core.api-5.3.2] startup
[2.398s] [ext: isaacsim.core.cloner-1.7.5] startup
[2.399s] [ext: isaacsim.test.docstring-1.3.2] startup
[2.402s] [ext: isaacsim.core.experimental.prims-1.10.8] startup
[2.413s] [ext: isaacsim.core.experimental.primdata-0.3.6] startup
[2.415s] [ext: omni.graph.tools-1.81.0] startup
[2.428s] [ext: omni.graph-1.142.5] startup
[2.452s] [ext: isaacsim.core.experimental.actuators-0.1.6] startup
[2.462s] [ext: isaacsim.core.experimental.materials-0.10.0] startup
[2.464s] [ext: isaacsim.core.experimental.objects-0.9.0] startup
[2.511s] [ext: omni.hydra.engine.stats-1.0.5] startup
[2.513s] [ext: omni.hydra.rtx.shadercache.vulkan-1.0.0] startup
[2.514s] [ext: omni.index.libs-392300.961.0] startup
[2.514s] [ext: omni.index-1.0.1] startup
[2.514s] [ext: omni.ujitso.client-0.0.0] startup
[2.514s] [ext: omni.usd.schema.playback-1.1.0] startup
[2.515s] [ext: omni.volume-0.5.2] startup
[2.519s] [ext: omni.hydra.rtx-1.0.4] startup
2026-09-21T14:28:43Z [2,501ms] [Warning] [omni.log] Source: omni.hydra was already registered.
[2.542s] [ext: omni.kit.hydra_texture-1.6.2] startup
[2.545s] [ext: omni.kit.raycast.query-1.2.0] startup
[2.548s] [ext: omni.kit.viewport.legacy_gizmos-1.0.24] startup
[2.549s] [ext: omni.kit.viewport.registry-104.0.6] startup
[2.550s] [ext: omni.kit.viewport.scene_camera_model-1.0.7] startup
[2.552s] [ext: omni.kit.widget.viewport-110.0.0] startup
[2.555s] [ext: omni.kit.window.drop_support-1.0.8] startup
[2.556s] [ext: omni.kit.viewport.window-110.0.1] startup
[2.567s] [ext: omni.kit.viewport.utility-2.1.0] startup
[2.568s] [ext: isaacsim.core.rendering_manager-0.5.1] startup
[2.575s] [ext: omni.graph.action_core-1.1.9] startup
[2.577s] [ext: omni.graph.action_nodes_core-2.11.0] startup
[2.579s] [ext: omni.graph.action_nodes-2.11.0] startup
[2.593s] [ext: omni.graph.action-2.10.2] startup
[2.595s] [ext: omni.graph.image.core-0.6.1] startup
[2.596s] [ext: omni.graph.image.nodes-1.3.2] startup
[2.597s] [ext: omni.graph.nodes_core-2.11.0] startup
[2.601s] [ext: omni.graph.nodes-2.12.0] startup
[2.606s] [ext: omni.kit.hotkeys.core-1.4.0] startup
[2.607s] [ext: omni.kit.property.adapter.core-1.1.1] startup
[2.608s] [ext: omni.kit.property.adapter.usd-1.0.6] startup
[2.609s] [ext: omni.kit.widget.filter-1.1.8] startup
[2.610s] [ext: omni.kit.widget.highlight_label-1.0.3] startup
[2.610s] [ext: omni.kit.widget.searchfield-1.1.8] startup
[2.611s] [ext: omni.kit.window.file_exporter-1.0.38] startup
[2.612s] [ext: omni.kit.widget.stage-4.6.5] startup
[2.620s] [ext: omni.kit.window.content_browser_registry-0.0.6] startup
[2.621s] [ext: omni.kit.window.file-2.0.15] startup
[2.623s] [ext: omni.kit.window.content_browser-3.1.12] startup
[2.630s] [ext: omni.kit.window.property-1.15.2] startup
[2.638s] [ext: omni.kit.property.usd-4.9.14] startup
[2.644s] [ext: omni.graph.scriptnode-2.10.2] startup
[2.650s] [ext: omni.kit.widget.searchable_combobox-1.0.7] startup
[2.651s] [ext: omni.kit.widget.settings-2.0.1] startup
[2.652s] [ext: omni.kit.window.preferences-1.8.5] startup
[2.655s] [ext: omni.kit.viewport.menubar.core-110.0.3] startup
[2.663s] [ext: omni.syntheticdata-0.6.17] startup
[2.690s] [ext: omni.replicator.nv-1.1.6] startup
[2.695s] [ext: omni.videoencoding-0.2.1] startup
[2.696s] [ext: omni.replicator.core-1.13.36] startup
2026-09-21T14:28:43Z [2,673ms] [Warning] [pxr.Semantics] pxr.Semantics is deprecated - please use Semantics instead
Warp 1.16.0 initialized:
   CUDA Toolkit 12.9, Driver 13.2
   Devices:
     "cpu"      : "x86_64"
     "cuda:0"   : "NVIDIA GeForce RTX 3080" (10 GiB, sm_86, mempool enabled)
   Kernel cache:
     /home/monad/.cache/warp/1.16.0
2026-09-21T14:28:43Z [2,716ms] [Warning] [omni.replicator.core.scripts.extension] No material configuration file, adding configuration to material settings directly.
[2.823s] [ext: isaacsim.core.nodes-5.10.13] startup
[2.843s] [ext: isaacsim.core.throttling-2.3.7] startup
[2.844s] [ext: omni.kit.manipulator.viewport-107.0.1] startup
[2.845s] [ext: omni.graph.visualization.nodes-2.1.4] startup
[2.854s] [ext: omni.kit.window.extensions-1.5.16] startup
[2.858s] [ext: isaacsim.gui.components-1.8.9] startup
[2.861s] [ext: isaacsim.robot.surface_gripper-3.6.3] startup
[2.870s] [ext: isaacsim.robot.manipulators-3.4.5] startup
[2.878s] [ext: isaacsim.robot_motion.lula-4.1.4] startup
[2.884s] [ext: isaacsim.robot_motion.motion_generation-8.2.9] startup
[2.888s] [ext: isaacsim.cortex.framework-1.0.20] startup
[2.889s] [ext: isaacsim.cortex.behaviors-2.0.18] startup
[2.891s] [ext: isaacsim.examples.base-1.3.4] startup
[2.892s] [ext: omni.kit.widget.zoombar-1.0.7] startup
[2.893s] [ext: omni.kit.browser.core-2.3.18] startup
[2.896s] [ext: omni.kit.browser.folder.core-2.0.3] startup
[2.899s] [ext: omni.kit.widget.stage_icons-1.0.8] startup
[2.899s] [ext: omni.kit.window.stage-2.6.1] startup
[2.903s] [ext: omni.kit.menu.stage-1.2.7] startup
[2.904s] [ext: omni.kit.usd.collect-3.0.6] startup
[2.906s] [ext: omni.kit.widget.prompt-1.0.7] startup
[2.906s] [ext: omni.kit.tool.collect-2.2.19] startup
[2.908s] [ext: isaacsim.examples.browser-0.3.4] startup
[2.909s] [ext: omni.kit.search.files-1.0.4] startup
[2.910s] [ext: omni.kit.widget.calendar-1.0.9] startup
[2.911s] [ext: omni.kit.widget.extended_searchfield-1.0.31] startup
[2.917s] [ext: omni.simready.content.browser-0.3.8] startup
[2.979s] [ext: isaacsim.gui.content_browser-0.5.1] startup
[2.981s] [ext: omni.kit.selection-0.1.6] startup
[2.982s] [ext: isaacsim.gui.menu-2.10.12] startup
[2.988s] [ext: isaacsim.gui.property-1.6.4] startup
[2.993s] [ext: omni.kit.viewport.actions-110.1.0] startup
[2.996s] [ext: omni.kit.viewport.menubar.display-110.0.0] startup
[2.997s] [ext: isaacsim.gui.sensors.icon-2.2.4] startup
[2.999s] [ext: omni.behavior.scripting.core-110.3.0] startup
[3.001s] [ext: isaacsim.replicator.behavior-1.6.2] startup
[3.005s] [ext: isaacsim.replicator.experimental.domain_randomization-1.2.10] startup
[3.015s] [ext: isaacsim.replicator.domain_randomization-1.2.3] startup
[3.068s] [ext: isaacsim.replicator.writers-1.5.6] startup
[3.084s] [ext: isaacsim.robot.experimental.wheeled_robots-0.2.14] startup
[3.099s] [ext: isaacsim.robot_motion.experimental.motion_generation-7.1.2] startup
[3.105s] [ext: isaacsim.robot.policy.examples-7.2.0] startup
[3.887s] [ext: isaacsim.robot.wheeled_robots-5.2.5] startup
[3.891s] [ext: isaacsim.robot.wheeled_robots.nodes-0.1.12] startup
[3.904s] [ext: isaacsim.robot_motion.controllers-0.3.2] startup
[3.911s] [ext: isaacsim.robot_motion.cumotion-1.4.0] startup
[3.921s] [ext: omni.kit.numpy.common-0.1.3] startup
[3.922s] [ext: omni.rtx.spg-0.4.0] startup
[3.927s] [ext: omni.sensors.nv.camera-1.0.0] startup
[3.931s] [ext: isaacsim.sensors.camera-1.7.13] startup
[3.948s] [ext: isaacsim.sensors.experimental.physics-3.3.0] startup
[3.954s] [ext: omni.sensors.net-1.0.1] startup
[3.957s] [ext: omni.sensors.nv.common-3.0.0] startup
[3.968s] [ext: omni.sensors.nv.materials-2.0.0] startup
[3.971s] [ext: omni.sensors.nv.acoustic-3.0.0] startup
[3.975s] [ext: omni.sensors.nv.ids-2.0.1] startup
[3.977s] [ext: omni.sensors.nv.lidar-3.0.0] startup
[3.980s] [ext: omni.sensors.nv.radar-3.0.0] startup
[3.983s] [ext: isaacsim.sensors.experimental.rtx-1.9.0] startup
[4.139s] [ext: isaacsim.sensors.physics.nodes-1.6.2] startup
[4.145s] [ext: isaacsim.util.debug_draw-3.2.6] startup
[4.151s] [ext: isaacsim.sensors.physx-2.5.7] startup
[4.159s] [ext: isaacsim.sensors.rtx-15.17.5] startup
[4.170s] [ext: isaacsim.simulation_app-2.19.0] startup
[4.171s] [ext: omni.anim.curve.core-1.6.1] startup
[4.180s] [ext: omni.graph.ui_nodes-2.11.1] startup
[4.198s] [ext: omni.kit.manipulator.camera-110.1.0] startup
[4.201s] [ext: omni.kit.manipulator.selector-1.1.4] startup
[4.202s] [ext: omni.kit.manipulator.transform-107.0.1] startup
[4.206s] [ext: omni.kit.widget.toolbar-2.1.0] startup
[4.210s] [ext: omni.kit.manipulator.tool.snap-1.5.15] startup
[4.213s] [ext: omni.kit.viewport.manipulator.transform-107.0.4] startup
[4.215s] [ext: omni.kit.manipulator.prim.core-108.0.2] startup
[4.219s] [ext: omni.kit.manipulator.prim.usd-107.0.3] startup
[4.221s] [ext: omni.kit.manipulator.prim-108.0.0] startup
[4.221s] [ext: omni.kit.manipulator.selection-110.0.0] startup
[4.222s] [ext: omni.kit.menu.create-2.0.2] startup
[4.223s] [ext: omni.kit.property.audio-1.0.18] startup
[4.226s] [ext: omni.kit.property.camera-1.0.14] startup
[4.227s] [ext: omni.kit.property.geometry-2.1.2] startup
[4.230s] [ext: omni.kit.property.light-1.0.16] startup
[4.258s] [ext: omni.kit.property.material-1.14.10] startup
[4.264s] [ext: omni.kit.property.render-1.2.2] startup
[4.265s] [ext: omni.kit.property.transform-1.6.12] startup
[4.268s] [ext: omni.kit.property.bundle-1.5.2] startup
[4.269s] [ext: omni.kit.usdz_export-1.1.1] startup
[4.271s] [ext: omni.kit.tool.asset_importer-6.0.2] startup
[4.275s] [ext: omni.kit.ui.actions-1.0.5] startup
[4.276s] [ext: omni.kit.viewport.menubar.camera-107.0.14] startup
[4.280s] [ext: omni.kit.viewport.menubar.lighting-107.3.2] startup
[4.282s] [ext: omni.kit.viewport.menubar.render-110.1.1] startup
[4.285s] [ext: omni.kit.viewport.menubar.settings-110.0.1] startup
[4.288s] [ext: omni.kit.window.console-1.1.10] startup
[4.291s] [ext: omni.kit.window.status_bar-0.1.11] startup
[4.294s] [ext: omni.kit.window.toolbar-3.0.3] startup
[4.296s] [ext: omni.ocio-0.1.1] startup
[4.297s] [ext: omni.physx.commands-110.3.2] startup
[4.299s] [ext: omni.replicator.replicator_yaml-2.0.12] startup
[4.307s] [ext: omni.rtx.window.settings-0.8.2] startup
[4.311s] [ext: omni.rtx.settings.core-0.7.1] startup
[4.313s] [ext: omni.usd.metrics.assembler.ui-110.1.1] startup
[4.319s] [ext: semantics.schema.editor-2.0.2] startup
[4.321s] [ext: semantics.schema.property-2.0.2] startup
[4.323s] [ext: omni.kit.menu.common-2.0.2] startup
[4.324s] [ext: isaacsim.exp.base-6.1.0] startup
[4.324s] [ext: isaacsim.exp.base.python-6.1.0] startup
[4.325s] Simulation App Starting
2026-09-21T14:28:44Z [4,347ms] [Warning] [carb.audio.device] audio device is misconfigured or broken {deviceIndex = 0, name = 'default'} (The device is likely misconfigured, check your $HOME/.asoundrc)
2026-09-21T14:28:44Z [4,348ms] [Warning] [carb.audio.output] failed to retrieve the capabilities for device 0 {result = eDeviceLost (2)}
2026-09-21T14:28:44Z [4,348ms] [Warning] [carb.audio.context] failed to set the requested output during context creation.  Using a null streamer instead {result = eDeviceLost (2)}
[5.240s] Simulation App Startup Complete
[5.249s] app ready
d1 support dt=0.0025 J=19.619998858310293 expect=19.62 status=RUN_OK
[7.068s] Simulation App Shutting Down
