Starting kit application with the following args:  ['/home/monad/env_isaacsim-c22/lib/python3.12/site-packages/isaacsim/exts/isaacsim.simulation_app/isaacsim/simulation_app/simulation_app.py', '/home/monad/env_isaacsim-c22/lib/python3.12/site-packages/isaacsim/apps/isaacsim.exp.base.python.kit', '--/app/tokens/exe-path=/home/monad/env_isaacsim-c22/lib/python3.12/site-packages/isaacsim/kit', '--/persistent/app/viewport/displayOptions=3094', '--/rtx/materialDb/syncLoads=True', '--/rtx/hydra/materialSyncLoads=True', '--/omni/kit/plugin/syncUsdLoads=True', '--/app/renderer/resolution/width=1280', '--/app/renderer/resolution/height=720', '--/app/window/width=1440', '--/app/window/height=900', '--/renderer/multiGpu/enabled=True', '--/app/fastShutdown=True', '--/app/installSignalHandlers=0', '--ext-folder', '/home/monad/env_isaacsim-c22/lib/python3.12/site-packages/isaacsim/exts', '--ext-folder', '/home/monad/env_isaacsim-c22/lib/python3.12/site-packages/isaacsim/apps', '--/physics/cudaDevice=0', '--/plugins/carb.tasking.plugin/threadCount=16', '--/plugins/omni.tbb.globalcontrol/maxThreadCount=16', '--portable', '--no-window', '--/app/window/hideUi=1']
Passing the following args to the base kit application:  ['--child', '--dt', '0.00125']
2026-09-21T14:25:56Z [Info] [carb] Logging to file: /home/monad/env_isaacsim-c22/lib/python3.12/site-packages/isaacsim/kit/logs/Kit/Isaac-Sim Python/6.1/kit_20260921_232556.log
[0.053s] [ext: omni.assets.plugins-0.0.0] startup
[0.054s] [ext: omni.blobkey-1.1.2] startup
[0.054s] [ext: omni.kit.async_engine-0.0.3] startup
[0.120s] [ext: omni.client.lib-1.1.1] startup
[0.128s] [ext: omni.client-1.3.0] startup
[0.131s] [ext: omni.protobuf.lib-1.0.1] startup
[0.132s] [ext: omni.grpc.lib-1.0.0] startup
[0.136s] [ext: omni.metrics.core-0.0.3] startup
[0.136s] [ext: omni.datastore-0.0.0] startup
[0.136s] [ext: omni.gpu_foundation.shadercache.vulkan-1.0.0] startup
[0.138s] [ext: omni.hsscclient-1.1.4] startup
[0.139s] [ext: omni.stats-1.0.1] startup
[0.139s] [ext: omni.ujitso.default-1.0.0] startup
[0.141s] [ext: omni.gpu_foundation-0.0.0] startup
[0.290s] [ext: carb.windowing.plugins-1.0.1] startup
[0.290s] [ext: omni.kit.renderer.init-1.0.1] startup
2026-09-21T14:25:57Z [286ms] [Warning] [omni.platforminfo.plugin] failed to open the default display.  Can't verify X Server version.
2026-09-21T14:25:57Z [570ms] [Warning] [omni.rtx] Skipping unsupported non-NVIDIA GPU: AMD Ryzen 7 9700X 8-Core Processor (RADV RAPHAEL_MENDOCINO)
2026-09-21T14:25:57Z [570ms] [Warning] [omni.rtx] Skipping unsupported non-NVIDIA GPU: AMD Ryzen 7 9700X 8-Core Processor (RADV RAPHAEL_MENDOCINO)

|---------------------------------------------------------------------------------------------|
| Driver Version: 595.84        | Graphics API: Vulkan
|=============================================================================================|
| GPU | Name                             | Active | LDA | GPU Memory | Vendor-ID | LUID       |
|     |                                  |        |     |            | Device-ID | UUID       |
|     |                                  |        |     |            | Bus-ID    |            |
|---------------------------------------------------------------------------------------------|
| 0   | NVIDIA GeForce RTX 3080          | Yes: 0 |     | 10240   MB | 10de      | 0          |
|     |                                  |        |     |            | 2206      | 24d4b5c1.. |
|     |                                  |        |     |            | 1         |            |
|---------------------------------------------------------------------------------------------|
| 1   | AMD Ryzen 7 9700X 8-Core Proce.. |        |     | 10737   MB | 1002      | 0          |
|     |                                  |        |     |            | 13c0      | 00000000.. |
|     |                                  |        |     |            | 11        |            |
|=============================================================================================|
| OS: 24.04.4 LTS (Noble Numbat) ubuntu, Version: 24.04.4, Kernel: 7.0.0-31-generic
| Processor: AMD Ryzen 7 9700X 8-Core Processor
| Cores: 8 | Logical Cores: 16
|---------------------------------------------------------------------------------------------|
| Total Memory (MB): 31187 | Free Memory: 18564
| Total Page/Swap (MB): 15258 | Free Page/Swap: 4277
|---------------------------------------------------------------------------------------------|
2026-09-21T14:25:57Z [782ms] [Warning] [omni.rtx] PCIe link width current (8) and maximum (16) for device 0 don't match.
2026-09-21T14:25:57Z [782ms] [Warning] [omni.rtx] IOMMU is enabled.
[0.914s] [ext: omni.kit.pipapi-0.0.0] startup
[0.915s] [ext: omni.kit.telemetry-0.5.2] startup
[0.940s] [ext: omni.kit.loop-isaac-1.6.2] startup
[0.941s] [ext: omni.kit.test-2.1.1] startup
[0.975s] [ext: omni.materialx.libs-1.0.9] startup
[0.981s] [ext: omni.gpucompute.plugins-0.0.0] startup
[0.981s] [ext: omni.usd.config-1.0.8] startup
[0.983s] [ext: omni.usd.libs-1.0.3] startup
[1.047s] [ext: omni.iray.libs-0.0.1] startup
[1.051s] [ext: omni.mdl-57.0.6] startup
[1.123s] [ext: omni.mdl.neuraylib-0.2.22] startup
[1.128s] [ext: omni.kit.usd.mdl-1.1.11] startup
[1.227s] [ext: omni.appwindow-1.2.2] startup
[1.229s] [ext: omni.kit.renderer.core-1.3.1] startup
2026-09-21T14:25:58Z [1,210ms] [Warning] [carb.windowing-glfw.plugin] GLFW initialization failed.
2026-09-21T14:25:58Z [1,210ms] [Warning] [carb] Failed to startup plugin carb.windowing-glfw.plugin (interfaces: [carb::windowing::IGLContext v1.0],[carb::windowing::IWindowing v1.5]) (impl: carb.windowing-glfw.plugin)
[1.251s] [ext: omni.kit.renderer.capture-2.0.1] startup
[1.253s] [ext: omni.kit.renderer.imgui-2.1.0] startup
2026-09-21T14:25:58Z [1,225ms] [Warning] [carb.windowing-glfw.plugin] GLFW initialization failed.
2026-09-21T14:25:58Z [1,225ms] [Warning] [carb] Failed to startup plugin carb.windowing-glfw.plugin (interfaces: [carb::windowing::IGLContext v1.0],[carb::windowing::IWindowing v1.5]) (impl: carb.windowing-glfw.plugin)
2026-09-21T14:25:58Z [1,226ms] [Warning] [carb.windowing-glfw.plugin] GLFW initialization failed.
2026-09-21T14:25:58Z [1,226ms] [Warning] [carb] Failed to startup plugin carb.windowing-glfw.plugin (interfaces: [carb::windowing::IGLContext v1.0],[carb::windowing::IWindowing v1.5]) (impl: carb.windowing-glfw.plugin)
[1.295s] [ext: omni.ui-3.3.1] startup
[1.301s] [ext: omni.kit.mainwindow-1.0.4] startup
[1.302s] [ext: carb.audio-0.1.0] startup
[1.304s] [ext: omni.uiaudio-1.0.0] startup
[1.305s] [ext: omni.kit.uiapp-0.0.0] startup
[1.305s] [ext: omni.usd.schema.metrics.assembler-110.1.0] startup
[1.306s] [ext: omni.usd.schema.audio-0.0.1] startup
[1.309s] [ext: omni.usd_resolver-1.0.0] startup
[1.311s] [ext: omni.usd.core-1.10.10] startup
[1.314s] [ext: omni.metropolis.schema-0.0.3] startup
[1.314s] [ext: isaacsim.anim.robot.schema-0.1.1] startup
[1.315s] [ext: isaacsim.common-6.2.0] startup
[1.315s] [ext: omni.usd.schema.anim-0.0.1] startup
[1.327s] [ext: omni.usd.schema.geospatial-0.0.1] startup
[1.329s] [ext: omni.usd.schema.omnigraph-1.0.1] startup
[1.332s] [ext: omni.usd.schema.semantics-0.0.0] startup
[1.334s] [ext: omni.activity.core-1.0.4] startup
[1.335s] [ext: omni.cubric-0.1.0] startup
[1.336s] [ext: omni.graph.exec-0.9.6] startup
[1.336s] [ext: omni.hydra.scene_delegate-0.3.5] startup
[1.340s] [ext: usdrt.scenegraph-7.6.3] startup
[1.359s] [ext: omni.hydra.usdrt_delegate-7.5.2] startup
[1.363s] [ext: omni.inspect-1.0.2] startup
[1.364s] [ext: omni.kit.actions.core-1.2.0] startup
[1.366s] [ext: omni.kit.audiodeviceenum-1.0.2] startup
[1.366s] [ext: omni.kit.commands-1.5.0] startup
[1.368s] [ext: omni.kit.exec.core-0.13.6] startup
[1.369s] [ext: omni.kit.usd_undo-0.1.8] startup
[1.370s] [ext: omni.kit.window.popup_dialog-2.0.26] startup
[1.372s] [ext: omni.kit.widget.connection_manager-1.0.3] startup
[1.375s] [ext: omni.timeline-1.1.0] startup
[1.376s] [ext: omni.usd-1.18.0] startup
[1.414s] [ext: omni.graph.core-3.1.5] startup
[1.416s] [ext: omni.kit.notification_manager-1.0.16] startup
[1.418s] [ext: isaacsim.core.deprecation_manager-0.4.4] startup
[1.418s] [ext: isaacsim.replicator.agent.schema-0.1.1] startup
[1.419s] [ext: isaacsim.robot.schema-7.0.2] startup
[1.422s] [ext: isaacsim.robot_motion.schema-0.2.2] startup
[1.422s] [ext: omni.anim.behavior.schema-110.3.0] startup
[1.425s] [ext: omni.anim.graph.schema-110.3.0] startup
[1.430s] [ext: omni.anim.navigation.schema-110.3.0] startup
[1.432s] [ext: omni.behavior.tree.schema-110.3.0] startup
[1.432s] [ext: omni.kit.asset_converter-6.0.5] startup
2026-09-21T14:25:58Z [1,404ms] [Warning] [asset_converter_native_bindings._bootstrap] A different OpenUSD (pxr) build was already imported from /home/monad/env_isaacsim-c22/lib/python3.12/site-packages/isaacsim/extscache/omni.usd.libs-1.0.3+00c488ae.lx64.r.cp312/pxr before usd-convert-asset loaded. The host pxr bindings will remain in use rather than reloading the bundled OpenUSD at /home/monad/env_isaacsim-c22/lib/python3.12/site-packages/isaacsim/extscache/omni.kit.asset_converter-6.0.5+110.1.1.lx64.r.cp312.u7f4/asset_converter_native_bindings/libs/lib/python/pxr, /home/monad/env_isaacsim-c22/lib/python3.12/site-packages/isaacsim/extscache/omni.kit.asset_converter-6.0.5+110.1.1.lx64.r.cp312.u7f4/asset_converter_native_bindings/libs/python/pxr. Mixing USD builds in one process can cause ABI and singleton conflicts; prefer importing usd_convert_asset first, or run the converter in a separate process/venv when mixing unrelated USD builds.
[1.442s] [ext: omni.usd.schema.flow-110.0.0] startup
[1.443s] [ext: omni.usd.schema.newton-1.4.0] startup
[1.443s] [ext: omni.usd.schema.mujoco-1.1.4] startup
[1.444s] [ext: omni.usd.schema.omni_dome_light-1.0.0] startup
[1.444s] [ext: omni.usd.schema.omni_lens_distortion-1.0.0] startup
[1.445s] [ext: omni.usd.schema.omni_projectors-1.0.0] startup
[1.445s] [ext: omni.usd.schema.omni_sensors-0.0.0] startup
[1.452s] [ext: omni.usd.schema.omniscripting-1.0.1] startup
[1.455s] [ext: omni.usd.schema.physical_lighting-0.1.0] startup
[1.457s] [ext: omni.usd.schema.physx-110.3.2] startup
[1.477s] [ext: omni.usd.schema.render_settings.rtx-1.0.3] startup
[1.480s] [ext: omni.usd.schema.usd_particle_field-1.0.0] startup
[1.480s] [ext: isaacsim.core.version-2.2.1] startup
[1.482s] [ext: omni.kit.menu.core-1.3.0] startup
[1.482s] [ext: omni.kit.menu.utils-2.2.8] startup
[1.487s] [ext: isaacsim.app.about-2.3.2] startup
[1.490s] [ext: isaacsim.asset.transformer-6.1.0] startup
[1.492s] [ext: omni.scene.optimizer.core-110.2.1] startup
[1.527s] [ext: isaacsim.asset.importer.utils-1.9.1] startup
[1.529s] [ext: omni.convexdecomposition-110.3.2] startup
[1.530s] [ext: omni.physics-110.3.2] startup
[1.532s] [ext: omni.physx.gpu-110.3.2] startup
[1.533s] [ext: omni.physx.foundation-110.3.2] startup
[1.534s] [ext: omni.usdphysics-110.3.2] startup
[1.535s] [ext: omni.physx.cooking-110.3.2] startup
[1.536s] [ext: omni.physx-110.3.2] startup
[1.544s] [ext: omni.physics.physx-110.3.2] startup
[1.545s] [ext: isaacsim.asset.exporter.urdf-2.2.6] startup
[1.551s] [ext: omni.kit.clipboard-1.1.1] startup
[1.551s] [ext: omni.kit.usd.layers-2.7.2] startup
[1.556s] [ext: omni.kit.widget.context_menu-1.5.0] startup
[1.557s] [ext: omni.kit.context_menu-1.10.0] startup
[1.558s] [ext: omni.kit.helper.file_utils-0.1.10] startup
[1.559s] [ext: omni.kit.widget.nucleus_info-2.0.2] startup
[1.560s] [ext: omni.kit.search_core-1.0.8] startup
[1.560s] [ext: omni.kit.widget.path_field-2.0.13] startup
[1.560s] [ext: omni.kit.widget.browser_bar-2.0.11] startup
[1.561s] [ext: omni.kit.widget.filebrowser-2.14.0] startup
[1.563s] [ext: omni.kit.widget.nucleus_connector-2.4.0] startup
[1.564s] [ext: omni.kit.widget.options_menu-1.1.7] startup
[1.565s] [ext: omni.kit.widget.options_button-1.0.3] startup
[1.566s] [ext: omni.kit.widget.search_delegate-1.0.10] startup
[1.566s] [ext: omni.ui.scene-2.0.4] startup
[1.570s] [ext: omni.kit.window.filepicker-3.0.14] startup
[1.580s] [ext: omni.kit.window.file_importer-1.1.22] startup
[1.581s] [ext: omni.kit.material.library-3.1.7] startup
[1.585s] [ext: isaacsim.asset.transformer.rules-1.7.18] startup
[1.592s] [ext: omni.usdex.libs-2.3.0] startup
[1.598s] [ext: isaacsim.asset.importer.mjcf-3.12.1] startup
[1.599s] [ext: omni.kit.primitive.mesh-1.1.1] startup
[1.601s] [ext: omni.kit.stage_template.core-1.1.23] startup
[1.601s] [ext: omni.kit.stage_templates-2.0.3] startup
[1.603s] [ext: omni.usd.metrics.assembler-110.1.2] startup
[1.605s] [ext: omni.warp.core-1.16.0] startup
[1.719s] [ext: isaacsim.core.experimental.utils-0.23.0] startup
[1.719s] [ext: isaacsim.asset.importer.urdf-3.11.10] startup
[1.722s] [ext: omni.physics.stageupdate-110.3.2] startup
[1.724s] [ext: omni.physics.tensors-110.3.2] startup
[1.727s] [ext: omni.physx.tensors-110.3.2] startup
[1.730s] [ext: isaacsim.core.simulation_manager-1.17.1] startup
[1.739s] [ext: isaacsim.storage.native-1.11.0] startup
[1.740s] [ext: omni.usd.metrics.assembler.physics-110.3.2] startup
[1.741s] [ext: isaacsim.core.utils-4.1.9] startup
[1.743s] [ext: isaacsim.core.prims-0.11.7] startup
[2.505s] [ext: isaacsim.core.api-5.3.2] startup
[2.509s] [ext: isaacsim.core.cloner-1.7.5] startup
[2.510s] [ext: isaacsim.test.docstring-1.3.2] startup
[2.512s] [ext: isaacsim.core.experimental.prims-1.10.8] startup
[2.523s] [ext: isaacsim.core.experimental.primdata-0.3.6] startup
[2.524s] [ext: omni.graph.tools-1.81.0] startup
[2.538s] [ext: omni.graph-1.142.5] startup
[2.563s] [ext: isaacsim.core.experimental.actuators-0.1.6] startup
[2.574s] [ext: isaacsim.core.experimental.materials-0.10.0] startup
[2.576s] [ext: isaacsim.core.experimental.objects-0.9.0] startup
[2.625s] [ext: omni.hydra.engine.stats-1.0.5] startup
[2.627s] [ext: omni.hydra.rtx.shadercache.vulkan-1.0.0] startup
[2.628s] [ext: omni.index.libs-392300.961.0] startup
[2.628s] [ext: omni.index-1.0.1] startup
[2.628s] [ext: omni.ujitso.client-0.0.0] startup
[2.629s] [ext: omni.usd.schema.playback-1.1.0] startup
[2.629s] [ext: omni.volume-0.5.2] startup
[2.633s] [ext: omni.hydra.rtx-1.0.4] startup
2026-09-21T14:25:59Z [2,615ms] [Warning] [omni.log] Source: omni.hydra was already registered.
[2.656s] [ext: omni.kit.hydra_texture-1.6.2] startup
[2.659s] [ext: omni.kit.raycast.query-1.2.0] startup
[2.662s] [ext: omni.kit.viewport.legacy_gizmos-1.0.24] startup
[2.664s] [ext: omni.kit.viewport.registry-104.0.6] startup
[2.665s] [ext: omni.kit.viewport.scene_camera_model-1.0.7] startup
[2.667s] [ext: omni.kit.widget.viewport-110.0.0] startup
[2.670s] [ext: omni.kit.window.drop_support-1.0.8] startup
[2.671s] [ext: omni.kit.viewport.window-110.0.1] startup
[2.685s] [ext: omni.kit.viewport.utility-2.1.0] startup
[2.686s] [ext: isaacsim.core.rendering_manager-0.5.1] startup
[2.693s] [ext: omni.graph.action_core-1.1.9] startup
[2.695s] [ext: omni.graph.action_nodes_core-2.11.0] startup
[2.697s] [ext: omni.graph.action_nodes-2.11.0] startup
[2.711s] [ext: omni.graph.action-2.10.2] startup
[2.712s] [ext: omni.graph.image.core-0.6.1] startup
[2.712s] [ext: omni.graph.image.nodes-1.3.2] startup
[2.713s] [ext: omni.graph.nodes_core-2.11.0] startup
[2.718s] [ext: omni.graph.nodes-2.12.0] startup
[2.722s] [ext: omni.kit.hotkeys.core-1.4.0] startup
[2.724s] [ext: omni.kit.property.adapter.core-1.1.1] startup
[2.738s] [ext: omni.kit.property.adapter.usd-1.0.6] startup
[2.739s] [ext: omni.kit.widget.filter-1.1.8] startup
[2.740s] [ext: omni.kit.widget.highlight_label-1.0.3] startup
[2.741s] [ext: omni.kit.widget.searchfield-1.1.8] startup
[2.742s] [ext: omni.kit.window.file_exporter-1.0.38] startup
[2.743s] [ext: omni.kit.widget.stage-4.6.5] startup
[2.748s] [ext: omni.kit.window.content_browser_registry-0.0.6] startup
[2.749s] [ext: omni.kit.window.file-2.0.15] startup
[2.751s] [ext: omni.kit.window.content_browser-3.1.12] startup
[2.758s] [ext: omni.kit.window.property-1.15.2] startup
[2.766s] [ext: omni.kit.property.usd-4.9.14] startup
[2.775s] [ext: omni.graph.scriptnode-2.10.2] startup
[2.781s] [ext: omni.kit.widget.searchable_combobox-1.0.7] startup
[2.782s] [ext: omni.kit.widget.settings-2.0.1] startup
[2.784s] [ext: omni.kit.window.preferences-1.8.5] startup
[2.788s] [ext: omni.kit.viewport.menubar.core-110.0.3] startup
[2.796s] [ext: omni.syntheticdata-0.6.17] startup
[2.815s] [ext: omni.replicator.nv-1.1.6] startup
[2.820s] [ext: omni.videoencoding-0.2.1] startup
[2.822s] [ext: omni.replicator.core-1.13.36] startup
2026-09-21T14:25:59Z [2,799ms] [Warning] [pxr.Semantics] pxr.Semantics is deprecated - please use Semantics instead
Warp 1.16.0 initialized:
   CUDA Toolkit 12.9, Driver 13.2
   Devices:
     "cpu"      : "x86_64"
     "cuda:0"   : "NVIDIA GeForce RTX 3080" (10 GiB, sm_86, mempool enabled)
   Kernel cache:
     /home/monad/.cache/warp/1.16.0
2026-09-21T14:25:59Z [2,847ms] [Warning] [omni.replicator.core.scripts.extension] No material configuration file, adding configuration to material settings directly.
[2.956s] [ext: isaacsim.core.nodes-5.10.13] startup
[2.979s] [ext: isaacsim.core.throttling-2.3.7] startup
[2.981s] [ext: omni.kit.manipulator.viewport-107.0.1] startup
[2.982s] [ext: omni.graph.visualization.nodes-2.1.4] startup
[2.992s] [ext: omni.kit.window.extensions-1.5.16] startup
[2.996s] [ext: isaacsim.gui.components-1.8.9] startup
[2.999s] [ext: isaacsim.robot.surface_gripper-3.6.3] startup
[3.008s] [ext: isaacsim.robot.manipulators-3.4.5] startup
[3.015s] [ext: isaacsim.robot_motion.lula-4.1.4] startup
[3.021s] [ext: isaacsim.robot_motion.motion_generation-8.2.9] startup
[3.025s] [ext: isaacsim.cortex.framework-1.0.20] startup
[3.027s] [ext: isaacsim.cortex.behaviors-2.0.18] startup
[3.028s] [ext: isaacsim.examples.base-1.3.4] startup
[3.030s] [ext: omni.kit.widget.zoombar-1.0.7] startup
[3.031s] [ext: omni.kit.browser.core-2.3.18] startup
[3.034s] [ext: omni.kit.browser.folder.core-2.0.3] startup
[3.036s] [ext: omni.kit.widget.stage_icons-1.0.8] startup
[3.037s] [ext: omni.kit.window.stage-2.6.1] startup
[3.040s] [ext: omni.kit.menu.stage-1.2.7] startup
[3.041s] [ext: omni.kit.usd.collect-3.0.6] startup
[3.043s] [ext: omni.kit.widget.prompt-1.0.7] startup
[3.044s] [ext: omni.kit.tool.collect-2.2.19] startup
[3.046s] [ext: isaacsim.examples.browser-0.3.4] startup
[3.047s] [ext: omni.kit.search.files-1.0.4] startup
[3.048s] [ext: omni.kit.widget.calendar-1.0.9] startup
[3.049s] [ext: omni.kit.widget.extended_searchfield-1.0.31] startup
[3.057s] [ext: omni.simready.content.browser-0.3.8] startup
[3.122s] [ext: isaacsim.gui.content_browser-0.5.1] startup
[3.124s] [ext: omni.kit.selection-0.1.6] startup
[3.125s] [ext: isaacsim.gui.menu-2.10.12] startup
[3.131s] [ext: isaacsim.gui.property-1.6.4] startup
[3.136s] [ext: omni.kit.viewport.actions-110.1.0] startup
[3.139s] [ext: omni.kit.viewport.menubar.display-110.0.0] startup
[3.140s] [ext: isaacsim.gui.sensors.icon-2.2.4] startup
[3.143s] [ext: omni.behavior.scripting.core-110.3.0] startup
[3.145s] [ext: isaacsim.replicator.behavior-1.6.2] startup
[3.148s] [ext: isaacsim.replicator.experimental.domain_randomization-1.2.10] startup
[3.160s] [ext: isaacsim.replicator.domain_randomization-1.2.3] startup
[3.214s] [ext: isaacsim.replicator.writers-1.5.6] startup
[3.232s] [ext: isaacsim.robot.experimental.wheeled_robots-0.2.14] startup
[3.250s] [ext: isaacsim.robot_motion.experimental.motion_generation-7.1.2] startup
[3.258s] [ext: isaacsim.robot.policy.examples-7.2.0] startup
[4.081s] [ext: isaacsim.robot.wheeled_robots-5.2.5] startup
[4.087s] [ext: isaacsim.robot.wheeled_robots.nodes-0.1.12] startup
[4.100s] [ext: isaacsim.robot_motion.controllers-0.3.2] startup
[4.107s] [ext: isaacsim.robot_motion.cumotion-1.4.0] startup
[4.116s] [ext: omni.kit.numpy.common-0.1.3] startup
[4.117s] [ext: omni.rtx.spg-0.4.0] startup
[4.122s] [ext: omni.sensors.nv.camera-1.0.0] startup
[4.126s] [ext: isaacsim.sensors.camera-1.7.13] startup
[4.142s] [ext: isaacsim.sensors.experimental.physics-3.3.0] startup
[4.148s] [ext: omni.sensors.net-1.0.1] startup
[4.151s] [ext: omni.sensors.nv.common-3.0.0] startup
[4.160s] [ext: omni.sensors.nv.materials-2.0.0] startup
[4.163s] [ext: omni.sensors.nv.acoustic-3.0.0] startup
[4.165s] [ext: omni.sensors.nv.ids-2.0.1] startup
[4.167s] [ext: omni.sensors.nv.lidar-3.0.0] startup
[4.170s] [ext: omni.sensors.nv.radar-3.0.0] startup
[4.173s] [ext: isaacsim.sensors.experimental.rtx-1.9.0] startup
[4.329s] [ext: isaacsim.sensors.physics.nodes-1.6.2] startup
[4.335s] [ext: isaacsim.util.debug_draw-3.2.6] startup
[4.339s] [ext: isaacsim.sensors.physx-2.5.7] startup
[4.346s] [ext: isaacsim.sensors.rtx-15.17.5] startup
[4.356s] [ext: isaacsim.simulation_app-2.19.0] startup
[4.356s] [ext: omni.anim.curve.core-1.6.1] startup
[4.364s] [ext: omni.graph.ui_nodes-2.11.1] startup
[4.385s] [ext: omni.kit.manipulator.camera-110.1.0] startup
[4.388s] [ext: omni.kit.manipulator.selector-1.1.4] startup
[4.389s] [ext: omni.kit.manipulator.transform-107.0.1] startup
[4.392s] [ext: omni.kit.widget.toolbar-2.1.0] startup
[4.397s] [ext: omni.kit.manipulator.tool.snap-1.5.15] startup
[4.400s] [ext: omni.kit.viewport.manipulator.transform-107.0.4] startup
[4.402s] [ext: omni.kit.manipulator.prim.core-108.0.2] startup
[4.406s] [ext: omni.kit.manipulator.prim.usd-107.0.3] startup
[4.407s] [ext: omni.kit.manipulator.prim-108.0.0] startup
[4.407s] [ext: omni.kit.manipulator.selection-110.0.0] startup
[4.408s] [ext: omni.kit.menu.create-2.0.2] startup
[4.409s] [ext: omni.kit.property.audio-1.0.18] startup
[4.412s] [ext: omni.kit.property.camera-1.0.14] startup
[4.413s] [ext: omni.kit.property.geometry-2.1.2] startup
[4.416s] [ext: omni.kit.property.light-1.0.16] startup
[4.443s] [ext: omni.kit.property.material-1.14.10] startup
[4.448s] [ext: omni.kit.property.render-1.2.2] startup
[4.449s] [ext: omni.kit.property.transform-1.6.12] startup
[4.452s] [ext: omni.kit.property.bundle-1.5.2] startup
[4.453s] [ext: omni.kit.usdz_export-1.1.1] startup
[4.455s] [ext: omni.kit.tool.asset_importer-6.0.2] startup
[4.459s] [ext: omni.kit.ui.actions-1.0.5] startup
[4.460s] [ext: omni.kit.viewport.menubar.camera-107.0.14] startup
[4.463s] [ext: omni.kit.viewport.menubar.lighting-107.3.2] startup
[4.466s] [ext: omni.kit.viewport.menubar.render-110.1.1] startup
[4.468s] [ext: omni.kit.viewport.menubar.settings-110.0.1] startup
[4.471s] [ext: omni.kit.window.console-1.1.10] startup
[4.474s] [ext: omni.kit.window.status_bar-0.1.11] startup
[4.476s] [ext: omni.kit.window.toolbar-3.0.3] startup
[4.478s] [ext: omni.ocio-0.1.1] startup
[4.479s] [ext: omni.physx.commands-110.3.2] startup
[4.481s] [ext: omni.replicator.replicator_yaml-2.0.12] startup
[4.488s] [ext: omni.rtx.window.settings-0.8.2] startup
[4.493s] [ext: omni.rtx.settings.core-0.7.1] startup
[4.496s] [ext: omni.usd.metrics.assembler.ui-110.1.1] startup
[4.503s] [ext: semantics.schema.editor-2.0.2] startup
[4.506s] [ext: semantics.schema.property-2.0.2] startup
[4.507s] [ext: omni.kit.menu.common-2.0.2] startup
[4.508s] [ext: isaacsim.exp.base-6.1.0] startup
[4.509s] [ext: isaacsim.exp.base.python-6.1.0] startup
[4.510s] Simulation App Starting
2026-09-21T14:26:01Z [4,535ms] [Warning] [carb.audio.device] audio device is misconfigured or broken {deviceIndex = 0, name = 'default'} (The device is likely misconfigured, check your $HOME/.asoundrc)
2026-09-21T14:26:01Z [4,535ms] [Warning] [carb.audio.output] failed to retrieve the capabilities for device 0 {result = eDeviceLost (2)}
2026-09-21T14:26:01Z [4,535ms] [Warning] [carb.audio.context] failed to set the requested output during context creation.  Using a null streamer instead {result = eDeviceLost (2)}
[5.543s] Simulation App Startup Complete
[5.552s] app ready
d0 dt=0.00125 dT=2.4 dN=1920 status=RUN_OK
[7.307s] Simulation App Shutting Down
